BL51 BANKED LINKER/LOCATER V6.22              10/22/2012  10:01:29  PAGE 1


BL51 BANKED LINKER/LOCATER V6.22, INVOKED BY:
C:\KEIL\C51\BIN\BL51.EXE C:\Ivan\KNPP\VR\BPU\bpu\bpu1.obj, C:\Ivan\KNPP\VR\BPU
>> \bpu\interface.obj, C:\Ivan\KNPP\VR\BPU\bpu\servo.obj, C:\Ivan\KNPP\VR\BPU\
>> bpu\init.obj, C:\Ivan\KNPP\VR\BPU\bpu\mmcflash6.obj TO C:\Ivan\KNPP\VR\BPU\
>> bpu\bpu RS (256) PL (68) PW (78)


MEMORY MODEL: SMALL WITH FLOATING POINT ARITHMETIC


INPUT MODULES INCLUDED:
  C:\Ivan\KNPP\VR\BPU\bpu\bpu1.obj (BPU1)
  C:\Ivan\KNPP\VR\BPU\bpu\interface.obj (INTERFACE)
  C:\Ivan\KNPP\VR\BPU\bpu\servo.obj (SERVO)
  C:\Ivan\KNPP\VR\BPU\bpu\init.obj (INIT)
  C:\Ivan\KNPP\VR\BPU\bpu\mmcflash6.obj (MMCFLASH6)
  C:\KEIL\C51\LIB\C51FPS.LIB (?C?FPADD)
  C:\KEIL\C51\LIB\C51FPS.LIB (?C?FPMUL)
  C:\KEIL\C51\LIB\C51FPS.LIB (?C?FPDIV)
  C:\KEIL\C51\LIB\C51FPS.LIB (?C?FPCMP)
  C:\KEIL\C51\LIB\C51FPS.LIB (?C?FPNEG)
  C:\KEIL\C51\LIB\C51FPS.LIB (?C?FCAST)
  C:\KEIL\C51\LIB\C51FPS.LIB (?C?CASTF)
  C:\KEIL\C51\LIB\C51FPS.LIB (FABS)
  C:\KEIL\C51\LIB\C51FPS.LIB (SQRT)
  C:\KEIL\C51\LIB\C51FPS.LIB (ATAN2)
  C:\KEIL\C51\LIB\C51FPS.LIB (SIN)
  C:\KEIL\C51\LIB\C51FPS.LIB (ATAN)
  C:\KEIL\C51\LIB\C51FPS.LIB (POW)
  C:\KEIL\C51\LIB\C51FPS.LIB (?C?FPGETOPN)
  C:\KEIL\C51\LIB\C51FPS.LIB (?C?CHKFLOAT)
  C:\KEIL\C51\LIB\C51FPS.LIB (?C?FPSERIES)
  C:\KEIL\C51\LIB\C51FPS.LIB (EXP)
  C:\KEIL\C51\LIB\C51FPS.LIB (LOG)
  C:\KEIL\C51\LIB\C51S.LIB (?C_STARTUP)
  C:\KEIL\C51\LIB\C51S.LIB (?C?CLDPTR)
  C:\KEIL\C51\LIB\C51S.LIB (?C?CLDOPTR)
  C:\KEIL\C51\LIB\C51S.LIB (?C?CSTPTR)
  C:\KEIL\C51\LIB\C51S.LIB (?C?IMUL)
  C:\KEIL\C51\LIB\C51S.LIB (?C?SIDIV)
  C:\KEIL\C51\LIB\C51S.LIB (?C?IILDX)
  C:\KEIL\C51\LIB\C51S.LIB (?C?ILDIX)
  C:\KEIL\C51\LIB\C51S.LIB (?C?LMUL)
  C:\KEIL\C51\LIB\C51S.LIB (?C?LNEG)
  C:\KEIL\C51\LIB\C51S.LIB (?C?SLCMP)
  C:\KEIL\C51\LIB\C51S.LIB (?C?ULCMP)
  C:\KEIL\C51\LIB\C51S.LIB (?C?ULSHR)
  C:\KEIL\C51\LIB\C51S.LIB (?C?SLSHR)
  C:\KEIL\C51\LIB\C51S.LIB (?C?LSHL)
  C:\KEIL\C51\LIB\C51S.LIB (?C?LLDCODE)
  C:\KEIL\C51\LIB\C51S.LIB (?C?LLDCODE0)
  C:\KEIL\C51\LIB\C51S.LIB (?C?LSTXDATA)
  C:\KEIL\C51\LIB\C51S.LIB (?C?LSTKXDATA)
  C:\KEIL\C51\LIB\C51S.LIB (ATOI)
  C:\KEIL\C51\LIB\C51S.LIB (?C_INIT)
  C:\KEIL\C51\LIB\C51S.LIB (?C?UIDIV)
  C:\KEIL\C51\LIB\C51S.LIB (ISDIGIT)
  C:\KEIL\C51\LIB\C51S.LIB (ISSPACE)


LINK MAP OF MODULE:  C:\Ivan\KNPP\VR\BPU\bpu\bpu (BPU1)


            TYPE    BASE      LENGTH    RELOCATION   SEGMENT NAME
            -----------------------------------------------------

BL51 BANKED LINKER/LOCATER V6.22            10/22/2012  10:01:29  PAGE 2


            * * * * * * *   D A T A   M E M O R Y   * * * * * * *
            REG     0000H     0008H     ABSOLUTE     "REG BANK 0"
            DATA    0008H     000AH     UNIT         ?DT?_POW?POW
            DATA    0012H     0008H     UNIT         ?DT?_ATAN2?ATAN2
            DATA    001AH     0005H     UNIT         ?DT?_OUTMODEM4?INTERFACE
                    001FH     0001H                  *** GAP ***
            DATA    0020H     0002H     BIT_ADDR     ?BA?BPU1
            BIT     0022H.0   0000H.6   UNIT         ?BI?BPU1
            BIT     0022H.6   0000H.2   UNIT         ?BI?ATAN?ATAN
            BIT     0023H.0   0000H.2   UNIT         _BIT_GROUP_
            BIT     0023H.2   0000H.1   UNIT         ?BI?INTERFACE
            BIT     0023H.3   0000H.1   UNIT         ?BI?SIN?SIN
            BIT     0023H.4   0000H.1   UNIT         ?BI?LOG?LOG
            BIT     0023H.5   0000H.1   UNIT         ?BI?_ATOI?ATOI
                    0023H.6   0000H.2                *** GAP ***
            DATA    0024H     0026H     UNIT         ?DT?BPU1
            DATA    004AH     0005H     UNIT         ?DT?_ATOI?ATOI
            DATA    004FH     0005H     UNIT         _DATA_GROUP_
            DATA    0054H     0004H     UNIT         ?DT?_DECODELATORLON?BPU1
            DATA    0058H     0004H     UNIT         ?DT?SQRT?SQRT
            DATA    005CH     0004H     UNIT         ?DT?SIN?SIN
            DATA    0060H     0004H     UNIT         ?DT?ATAN?ATAN
            DATA    0064H     0004H     UNIT         ?DT?LOG?LOG
            DATA    0068H     0002H     UNIT         ?DT?_OUTMODEM2?INTERFACE
            IDATA   006AH     0001H     UNIT         ?STACK

            * * * * * * *  X D A T A   M E M O R Y  * * * * * * *
            XDATA   0000H     043EH     UNIT         ?XD?MMCFLASH6
            XDATA   043EH     01F8H     UNIT         ?XD?BPU1
            XDATA   0636H     0060H     UNIT         _XDATA_GROUP_
            XDATA   0696H     0038H     UNIT         ?XD?INTERFACE
            XDATA   06CEH     0008H     UNIT         ?XD?_DECODELATORLON?BPU1
            XDATA   06D6H     0001H     UNIT         ?XD?OUTMODEM20?INTERFACE
            XDATA   06D7H     0001H     UNIT         ?XD?OUTMODEM21?INTERFACE

            * * * * * * *   C O D E   M E M O R Y   * * * * * * *
            CODE    0000H     0003H     ABSOLUTE     
                    0003H     0008H                  *** GAP ***
            CODE    000BH     0003H     ABSOLUTE     
            CODE    000EH     0013H     UNIT         ?PR?_ISSPACE?ISSPACE
                    0021H     0002H                  *** GAP ***
            CODE    0023H     0003H     ABSOLUTE     
            CODE    0026H     000DH     UNIT         ?PR?_FABS?FABS
            CODE    0033H     0003H     ABSOLUTE     
            CODE    0036H     0069H     UNIT         ?PR?UART1_ISR?BPU1
                    009FH     0004H                  *** GAP ***
            CODE    00A3H     0003H     ABSOLUTE     
            CODE    00A6H     1AD2H     UNIT         ?PR?TIMER0_ISR?BPU1
            CODE    1B78H     1323H     UNIT         ?PR?_WRITEINKZA?MMCFLASH6
>> 
            CODE    2E9BH     0EEBH     UNIT         ?PR?SPI_ISR?MMCFLASH6
            CODE    3D86H     067EH     UNIT         ?C?LIB_CODE
            CODE    4404H     0298H     UNIT         ?PR?OUTMODEM20?INTERFACE
            CODE    469CH     01C2H     UNIT         ?C_INITSEG
            CODE    485EH     0184H     UNIT         ?PR?OUTMODEM21?INTERFACE
            CODE    49E2H     016EH     UNIT         ?PR?SIN?SIN
            CODE    4B50H     0138H     UNIT         ?PR?_DECODELATORLON?BPU1
            CODE    4C88H     0135H     UNIT         ?PR?LOG?LOG
            CODE    4DBDH     0128H     UNIT         ?PR?ATAN?ATAN
            CODE    4EE5H     0117H     UNIT         ?PR?_POW?POW
            CODE    4FFCH     00AEH     UNIT         ?PR?_ATOI?ATOI
            CODE    50AAH     00AAH     UNIT         ?PR?SQRT?SQRT
            CODE    5154H     00A9H     UNIT         ?PR?UART0_ISR?BPU1
            CODE    51FDH     009AH     UNIT         ?PR?_OUTMODEM4?INTERFACE
            CODE    5297H     009AH     UNIT         ?PR?EXP?EXP
BL51 BANKED LINKER/LOCATER V6.22            10/22/2012  10:01:29  PAGE 3


            CODE    5331H     008CH     UNIT         ?C_C51STARTUP
            CODE    53BDH     007BH     UNIT         ?PR?SYSCLK?INIT
            CODE    5438H     0073H     UNIT         ?PR?_ATAN2?ATAN2
            CODE    54ABH     0063H     UNIT         ?PR?MMC_INIT1?MMCFLASH6
            CODE    550EH     005DH     UNIT         ?PR?MAIN?BPU1
            CODE    556BH     0043H     UNIT         ?PR?_OUTMODEM2?INTERFACE
            CODE    55AEH     0038H     UNIT         ?PR?_READ?SERVO
            CODE    55E6H     002AH     UNIT         ?PR?ADC_INIT?INIT
            CODE    5610H     0025H     UNIT         ?PR?PORT_INIT?INIT
            CODE    5635H     0022H     UNIT         ?PR?_WRITE?SERVO
            CODE    5657H     001EH     UNIT         ?PR?UART0_INIT?INIT
            CODE    5675H     001CH     UNIT         ?PR?DAC0_INIT?INIT
            CODE    5691H     0018H     UNIT         ?PR?UART1_INIT?INIT
            CODE    56A9H     0017H     UNIT         ?PR?CONFIG?INIT
            CODE    56C0H     0016H     UNIT         ?PR?_OUTMODEM1?INTERFACE
            CODE    56D6H     0012H     UNIT         ?PR?TIMER0_INIT?INIT
            CODE    56E8H     000FH     UNIT         ?PR?_ISDIGIT?ISDIGIT
            CODE    56F7H     000AH     UNIT         ?PR?SPI_INIT?MMCFLASH6
                    5701H     A4FDH                  *** GAP ***
            CODE    FBFEH     0001H     ABSOLUTE     
            CODE    FBFFH     0001H     ABSOLUTE     



OVERLAY MAP OF MODULE:   C:\Ivan\KNPP\VR\BPU\bpu\bpu (BPU1)


SEGMENT                              BIT_GROUP          DATA_GROUP          XD
>> ATA_GROUP
  +--> CALLED SEGMENT             START    LENGTH     START    LENGTH     STAR
>> T    LENGTH
------------------------------------------------------------------------------
>> -----------
?PR?UART0_ISR?BPU1                -----    -----      -----    -----      0636
>> H    0001H

*** NEW ROOT ***************************************************

?PR?UART1_ISR?BPU1                -----    -----      -----    -----      0637
>> H    0001H

*** NEW ROOT ***************************************************

?PR?TIMER0_ISR?BPU1               -----    -----      004FH    0004H      0638
>> H    0008H
  +--> ?PR?_FABS?FABS
  +--> ?PR?_WRITE?SERVO

*** NEW ROOT ***************************************************

?PR?SPI_ISR?MMCFLASH6             -----    -----      -----    -----      0640
>> H    0007H

*** NEW ROOT ***************************************************

?C_C51STARTUP                     -----    -----      -----    -----      ----
>> -    -----
  +--> ?PR?MAIN?BPU1
  +--> ?C_INITSEG

?PR?MAIN?BPU1                     0023H.0  0000H.2    -----    -----      0647
>> H    004AH
  +--> ?PR?PORT_INIT?INIT
  +--> ?PR?SYSCLK?INIT
  +--> ?PR?UART0_INIT?INIT
BL51 BANKED LINKER/LOCATER V6.22            10/22/2012  10:01:29  PAGE 4


  +--> ?PR?UART1_INIT?INIT
  +--> ?PR?DAC0_INIT?INIT
  +--> ?PR?ADC_INIT?INIT
  +--> ?PR?TIMER0_INIT?INIT
  +--> ?PR?CONFIG?INIT
  +--> ?PR?SPI_INIT?MMCFLASH6
  +--> ?PR?MMC_INIT1?MMCFLASH6
  +--> ?PR?_WRITEINKZA?MMCFLASH6

?PR?SYSCLK?INIT                   -----    -----      -----    -----      0691
>> H    0002H

?PR?_WRITEINKZA?MMCFLASH6         -----    -----      0053H    0001H      0691
>> H    0005H



SYMBOL TABLE OF MODULE:  C:\Ivan\KNPP\VR\BPU\bpu\bpu (BPU1)

  VALUE           TYPE          NAME
  ----------------------------------

  -------         MODULE        BPU1
  C:0000H         SYMBOL        _ICE_DUMMY_
  D:0024H         PUBLIC        Cybez
  X:043EH         PUBLIC        dataRSTSRC
  X:043FH         PUBLIC        int_delta_g
  X:0443H         PUBLIC        NoCommand
  D:00FFH         PUBLIC        WDTCN
  C:00A6H         PUBLIC        TIMER0_ISR
  X:0445H         PUBLIC        BuferFromModem
  D:0020H         PUBLIC        Dat37
  X:0477H         PUBLIC        RegimeSU
  D:0021H         PUBLIC        Dat38
  B:0021H.2       PUBLIC        flParashute
  B:0020H.0       PUBLIC        auto_k
  X:0478H         PUBLIC        H_zad_buf
  B:0022H.0       PUBLIC        flAvarStop
  X:047AH         PUBLIC        delta_z_zad
  B:0022H.1       PUBLIC        flRun
  X:047EH         PUBLIC        i_mar
  X:047FH         PUBLIC        wx_dat
  X:0483H         PUBLIC        SteckPoint
  D:00E8H         PUBLIC        ADC0CN
  D:0084H         PUBLIC        SFRPAGE
  X:0484H         PUBLIC        q_dat
  X:0488H         PUBLIC        wy_dat
  X:048CH         PUBLIC        wz_dat
  D:00E8H         PUBLIC        ADC2CN
  D:00A8H         PUBLIC        IE
  D:0028H         PUBLIC        Cxvir
  D:002CH         PUBLIC        Cyvir
  X:0490H         PUBLIC        H_filtr_pr
  X:0494H         PUBLIC        Vy_zad_buf
  X:0498H         PUBLIC        int_delta_v
  B:0022H.2       PUBLIC        flNoKoord
  D:0030H         PUBLIC        Gla
  X:049CH         PUBLIC        nSU
  B:0022H.3       PUBLIC        flCommand
  D:00D8H         PUBLIC        PCA0CN
  X:04A0H         PUBLIC        marBFM
  D:00B8H         PUBLIC        IP
  C:5154H         PUBLIC        UART0_isr
  C:0036H         PUBLIC        UART1_isr
  D:0034H         PUBLIC        pwrite
BL51 BANKED LINKER/LOCATER V6.22            10/22/2012  10:01:29  PAGE 5


  B:00E8H.5       PUBLIC        AD0INT
  X:04A1H         PUBLIC        int_dKoors
  D:0081H         PUBLIC        SP
  X:04A5H         PUBLIC        int_dKren
  B:00E8H.5       PUBLIC        AD2INT
  D:00C0H         PUBLIC        SMB0CN
  X:04A9H         PUBLIC        H_dat_pr
  C:550EH         PUBLIC        main
  D:0088H         PUBLIC        CPT0CN
  C:FBFEH         PUBLIC        WELB
  X:04ADH         PUBLIC        Vtop
  D:0088H         PUBLIC        CPT1CN
  X:04B1H         PUBLIC        KrenKam
  X:04B2H         PUBLIC        RegimeVy
  X:04B3H         PUBLIC        Vy_zad_ogr_nab
  D:00F8H         PUBLIC        SPI0CN
  X:04B7H         PUBLIC        koors
  X:04B9H         PUBLIC        timer_tick
  X:04BBH         PUBLIC        RegimeV
  X:04BCH         PUBLIC        liTimer_tick_GPS
  X:04C0H         PUBLIC        UgolKam
  D:0088H         PUBLIC        TCON
  D:00BBH         PUBLIC        AMX0SL
  D:00C8H         PUBLIC        TMR2CN
  D:00C8H         PUBLIC        TMR3CN
  D:00BBH         PUBLIC        AMX2SL
  X:04C1H         PUBLIC        mess
  D:00C8H         PUBLIC        TMR4CN
  B:0020H.1       PUBLIC        delta_el
  D:0036H         PUBLIC        Nr
  X:050CH         PUBLIC        mar
  X:050DH         PUBLIC        CountRun
  B:0020H.2       PUBLIC        delta_ep
  X:050EH         PUBLIC        LatMar
  B:0021H.0       PUBLIC        delta_nl
  X:053EH         PUBLIC        rBFM
  X:053FH         PUBLIC        H_Mar
  B:0098H.0       PUBLIC        RI0
  B:0021H.1       PUBLIC        delta_np
  X:0557H         PUBLIC        koors_dat
  X:055BH         PUBLIC        LonMar
  X:058BH         PUBLIC        Tx
  X:058FH         PUBLIC        H_filtr
  B:0098H.0       PUBLIC        RI1
  D:008CH         PUBLIC        TH0
  X:0593H         PUBLIC        wBFM
  X:0594H         PUBLIC        Ty
  X:0598H         PUBLIC        kren_dat
  X:059CH         PUBLIC        n_
  B:0098H.1       PUBLIC        TI0
  X:059DH         PUBLIC        delta_tl
  X:05A1H         PUBLIC        Tz
  X:05A5H         PUBLIC        KrenKam_zad
  B:0098H.1       PUBLIC        TI1
  X:05A6H         PUBLIC        delta_ro
  X:05AAH         PUBLIC        LatFly
  B:0020H.5       PUBLIC        delta_vl
  X:05AEH         PUBLIC        Vz
  D:008AH         PUBLIC        TL0
  D:0088H         PUBLIC        FLSTAT
  X:05B2H         PUBLIC        delta_tp
  X:05B6H         PUBLIC        koors_zad
  X:05BAH         PUBLIC        Vz_Mar
  X:05D2H         PUBLIC        delta_e
  X:05D6H         PUBLIC        kren_zad
BL51 BANKED LINKER/LOCATER V6.22            10/22/2012  10:01:29  PAGE 6


  B:0020H.6       PUBLIC        delta_vp
  B:0020H.3       PUBLIC        delta_zl
  X:05D7H         PUBLIC        delta_g
  X:05DBH         PUBLIC        Vy_filtr
  X:05DFH         PUBLIC        UgolKam_zad
  X:05E0H         PUBLIC        LonFly
  X:05E4H         PUBLIC        delta_k
  B:0020H.4       PUBLIC        delta_zp
  C:4B50H         PUBLIC        _DecodeLatOrLon
  X:05E8H         PUBLIC        int_Vy_zad_ogr_nab
  X:05ECH         PUBLIC        delta_n
  D:003AH         PUBLIC        kren_ogr
  C:FBFFH         PUBLIC        RLB
  X:05F0H         PUBLIC        i_Vzlet
  D:0099H         PUBLIC        SBUF0
  X:05F2H         PUBLIC        H_dat
  D:0099H         PUBLIC        SBUF1
  D:003EH         PUBLIC        rasst_toch_mar
  X:05F6H         PUBLIC        delta_v
  D:00EFH         PUBLIC        RSTSRC
  D:0098H         PUBLIC        SCON0
  D:0098H         PUBLIC        SCON1
  X:05FAH         PUBLIC        Vv_dat
  X:05FEH         PUBLIC        delta_z
  X:0602H         PUBLIC        H_zad
  X:0604H         PUBLIC        liTimer_tick
  B:0022H.4       PUBLIC        flInit
  B:0022H.5       PUBLIC        flNewGPS
  X:0608H         PUBLIC        Vy_dat
  X:060CH         PUBLIC        RegimeStart
  X:060DH         PUBLIC        H_max
  X:0611H         PUBLIC        RegimeKren
  X:0612H         PUBLIC        Vy_zad
  X:0616H         PUBLIC        V_dat
  X:061AH         PUBLIC        r
  X:061BH         PUBLIC        Vz_zad
  X:061CH         PUBLIC        kren_zad_buf
  X:061DH         PUBLIC        ax_dat
  X:0621H         PUBLIC        ay_dat
  D:00B7H         PUBLIC        FLSCL
  X:0625H         PUBLIC        w
  X:0626H         PUBLIC        az_dat
  X:062AH         PUBLIC        V_zad
  X:062EH         PUBLIC        H0
  D:00BEH         PUBLIC        ADC0
  X:0632H         PUBLIC        cos_Lat0
  B:00E8H.4       PUBLIC        AD0BUSY
  D:00D0H         PUBLIC        PSW
  D:00BEH         PUBLIC        ADC2
  D:0042H         PUBLIC        V_min
  D:0046H         PUBLIC        V_bum
  B:00E8H.4       PUBLIC        AD2BUSY
  B:0021H.3       PUBLIC        flOtkazRK
  -------         PROC          MAIN
  -------         DO            
  X:0647H         SYMBOL        RK_code
  X:0661H         SYMBOL        nByte
  X:0662H         SYMBOL        KontrSumma
  X:0663H         SYMBOL        NPackage
  X:0664H         SYMBOL        angle
  X:0668H         SYMBOL        tmp
  X:066CH         SYMBOL        napr_vetv_mar
  X:0670H         SYMBOL        otkl_ot_mar
  X:0674H         SYMBOL        dz
  X:0678H         SYMBOL        dx
BL51 BANKED LINKER/LOCATER V6.22            10/22/2012  10:01:29  PAGE 7


  X:067CH         SYMBOL        dz_pr
  X:0680H         SYMBOL        dx_pr
  B:0023H.0       SYMBOL        ValidGPS
  B:0023H.1       SYMBOL        flPoint
  X:0684H         SYMBOL        i
  X:0685H         SYMBOL        i_comma
  X:0686H         SYMBOL        tmpGPS
  X:068CH         SYMBOL        nLetter
  X:068DH         SYMBOL        temp_koord
  C:5DBAH         SYMBOL        start1
  -------         ENDDO         
  C:550EH         LINE#         166
  C:550EH         LINE#         167
  C:550EH         LINE#         169
  C:5515H         LINE#         174
  C:551BH         LINE#         177
  C:551EH         LINE#         178
  C:5524H         LINE#         180
  C:5527H         LINE#         181
  C:552AH         LINE#         183
  C:552DH         LINE#         185
  C:5530H         LINE#         186
  C:5533H         LINE#         187
  C:5536H         LINE#         188
  C:5539H         LINE#         189
  C:553CH         LINE#         190
  C:553FH         LINE#         191
  C:5542H         LINE#         192
  C:5545H         LINE#         193
  C:5548H         LINE#         194
  C:554BH         LINE#         197
  C:5551H         LINE#         198
  C:5554H         LINE#         200
  C:5554H         LINE#         201
  C:5554H         LINE#         202
  C:5559H         LINE#         203
  C:5563H         LINE#         204
  C:5563H         LINE#         205
  C:5569H         LINE#         206
  C:5569H         LINE#         207
  -------         ENDPROC       MAIN
  -------         PROC          UART0_ISR
  -------         DO            
  X:0636H         SYMBOL        SFRPAGE_SAVE
  -------         ENDDO         
  C:5154H         LINE#         832
  C:5167H         LINE#         834
  C:516DH         LINE#         835
  C:5170H         LINE#         836
  C:5179H         LINE#         837
  C:517CH         LINE#         839
  C:517FH         LINE#         840
  C:517FH         LINE#         841
  C:5198H         LINE#         842
  C:51A3H         LINE#         843
  C:51A3H         LINE#         844
  C:51A5H         LINE#         845
  C:51AAH         LINE#         846
  C:51AAH         LINE#         847
  C:51ACH         LINE#         848
  C:51ACH         LINE#         849
  C:51AFH         LINE#         850
  C:51AFH         LINE#         851
  C:51CAH         LINE#         852
  C:51E2H         LINE#         854
BL51 BANKED LINKER/LOCATER V6.22            10/22/2012  10:01:29  PAGE 8


  C:51E4H         LINE#         855
  C:51E6H         LINE#         856
  C:51E6H         LINE#         857
  C:51ECH         LINE#         859
  -------         ENDPROC       UART0_ISR
  -------         PROC          UART1_ISR
  -------         DO            
  X:0637H         SYMBOL        SFRPAGE_SAVE
  -------         ENDDO         
  C:0036H         LINE#         862
  C:0045H         LINE#         864
  C:004BH         LINE#         865
  C:004EH         LINE#         866
  C:0057H         LINE#         867
  C:005AH         LINE#         869
  C:005DH         LINE#         870
  C:005DH         LINE#         871
  C:0076H         LINE#         872
  C:0081H         LINE#         873
  C:0081H         LINE#         874
  C:0083H         LINE#         875
  C:0088H         LINE#         876
  C:0088H         LINE#         877
  C:008AH         LINE#         884
  C:008AH         LINE#         885
  C:008CH         LINE#         886
  C:0092H         LINE#         888
  -------         ENDPROC       UART1_ISR
  -------         PROC          TIMER0_ISR
  -------         DO            
  X:0638H         SYMBOL        uitmp
  X:063AH         SYMBOL        j
  X:063BH         SYMBOL        tmp
  X:063FH         SYMBOL        SFRPAGE_SAVE
  -------         DO            
  D:004FH         SYMBOL        Vy_lan
  -------         ENDDO         
  -------         DO            
  D:004FH         SYMBOL        delta_V_dat
  -------         ENDDO         
  -------         DO            
  D:004FH         SYMBOL        delta_nSU
  D:004FH         SYMBOL        ddelta_z
  -------         ENDDO         
  -------         DO            
  D:004FH         SYMBOL        ddelta_z
  -------         ENDDO         
  -------         ENDDO         
  C:00A6H         LINE#         891
  C:00C3H         LINE#         896
  C:00C9H         LINE#         897
  C:00CCH         LINE#         899
  C:00CFH         LINE#         900
  C:00D2H         LINE#         902
  C:00DEH         LINE#         903
  C:00F0H         LINE#         904
  C:00F6H         LINE#         906
  C:00F8H         LINE#         907
  C:0106H         LINE#         908
  C:012BH         LINE#         909
  C:0139H         LINE#         912
  C:0143H         LINE#         913
  C:0146H         LINE#         914
  C:014BH         LINE#         915
  C:014BH         LINE#         916
BL51 BANKED LINKER/LOCATER V6.22            10/22/2012  10:01:29  PAGE 9


  C:014EH         LINE#         917
  C:0155H         LINE#         918
  C:0170H         LINE#         919
  C:0172H         LINE#         920
  C:0174H         LINE#         921
  C:0176H         LINE#         922
  C:0179H         LINE#         924
  C:01B6H         LINE#         925
  C:01C1H         LINE#         927
  C:0204H         LINE#         929
  C:0251H         LINE#         930
  C:02C7H         LINE#         931
  C:02DBH         LINE#         933
  C:0328H         LINE#         934
  C:039EH         LINE#         935
  C:03B2H         LINE#         937
  C:0420H         LINE#         938
  C:0439H         LINE#         939
  C:0443H         LINE#         942
  C:0446H         LINE#         943
  C:044DH         LINE#         944
  C:0468H         LINE#         945
  C:046AH         LINE#         946
  C:046CH         LINE#         947
  C:046EH         LINE#         948
  C:0471H         LINE#         951
  C:0498H         LINE#         952
  C:04E5H         LINE#         955
  C:04E8H         LINE#         956
  C:04EBH         LINE#         957
  C:04F2H         LINE#         958
  C:050DH         LINE#         959
  C:050FH         LINE#         960
  C:0511H         LINE#         961
  C:0513H         LINE#         962
  C:0516H         LINE#         964
  C:0522H         LINE#         965
  C:056FH         LINE#         967
  C:0572H         LINE#         968
  C:0575H         LINE#         969
  C:057CH         LINE#         970
  C:0597H         LINE#         971
  C:0599H         LINE#         972
  C:059BH         LINE#         973
  C:059DH         LINE#         974
  C:05A0H         LINE#         978
  C:05F0H         LINE#         979
  C:0622H         LINE#         982
  C:0625H         LINE#         983
  C:0628H         LINE#         984
  C:062FH         LINE#         985
  C:064AH         LINE#         986
  C:064CH         LINE#         987
  C:064EH         LINE#         988
  C:0650H         LINE#         989
  C:0653H         LINE#         991
  C:065FH         LINE#         992
  C:06ACH         LINE#         994
  C:06AFH         LINE#         995
  C:06B2H         LINE#         996
  C:06B9H         LINE#         997
  C:06D4H         LINE#         998
  C:06D6H         LINE#         999
  C:06D8H         LINE#         1000
  C:06DAH         LINE#         1001
BL51 BANKED LINKER/LOCATER V6.22            10/22/2012  10:01:29  PAGE 10


  C:06DDH         LINE#         1005
  C:072DH         LINE#         1006
  C:075FH         LINE#         1009
  C:0762H         LINE#         1010
  C:0765H         LINE#         1011
  C:076CH         LINE#         1012
  C:0787H         LINE#         1013
  C:0789H         LINE#         1014
  C:078BH         LINE#         1015
  C:078DH         LINE#         1016
  C:0790H         LINE#         1018
  C:079CH         LINE#         1019
  C:07E9H         LINE#         1021
  C:07ECH         LINE#         1022
  C:07EFH         LINE#         1023
  C:07F6H         LINE#         1024
  C:0811H         LINE#         1025
  C:0813H         LINE#         1026
  C:0815H         LINE#         1027
  C:0817H         LINE#         1028
  C:081AH         LINE#         1033
  C:086AH         LINE#         1034
  C:0894H         LINE#         1037
  C:0897H         LINE#         1038
  C:089AH         LINE#         1039
  C:08A1H         LINE#         1040
  C:08BCH         LINE#         1041
  C:08BEH         LINE#         1042
  C:08C0H         LINE#         1043
  C:08C2H         LINE#         1044
  C:08C5H         LINE#         1047
  C:08ECH         LINE#         1051
  C:08EFH         LINE#         1052
  C:08F2H         LINE#         1053
  C:08F9H         LINE#         1054
  C:0914H         LINE#         1055
  C:0916H         LINE#         1056
  C:0918H         LINE#         1057
  C:091AH         LINE#         1058
  C:091DH         LINE#         1061
  C:094CH         LINE#         1064
  C:094FH         LINE#         1065
  C:0952H         LINE#         1066
  C:0959H         LINE#         1067
  C:0974H         LINE#         1068
  C:0976H         LINE#         1069
  C:0978H         LINE#         1070
  C:097AH         LINE#         1071
  C:097DH         LINE#         1074
  C:09ACH         LINE#         1076
  C:09B2H         LINE#         1077
  C:09B2H         LINE#         1078
  C:09BDH         LINE#         1079
  C:09BDH         LINE#         1080
  C:09C2H         LINE#         1081
  C:09C7H         LINE#         1082
  C:09D1H         LINE#         1083
  C:09DBH         LINE#         1085
  C:09FAH         LINE#         1086
  C:09FAH         LINE#         1087
  C:09FCH         LINE#         1088
  C:0A02H         LINE#         1089
  C:0A16H         LINE#         1090
  C:0A1BH         LINE#         1091
  C:0A39H         LINE#         1092
BL51 BANKED LINKER/LOCATER V6.22            10/22/2012  10:01:29  PAGE 11


  C:0A39H         LINE#         1093
  C:0A3BH         LINE#         1094
  C:0A5EH         LINE#         1095
  C:0A5EH         LINE#         1096
  C:0A60H         LINE#         1097
  C:0A66H         LINE#         1098
  C:0A6CH         LINE#         1099
  C:0A71H         LINE#         1100
  C:0A76H         LINE#         1101
  C:0A92H         LINE#         1102
  C:0AA4H         LINE#         1103
  C:0AB8H         LINE#         1104
  C:0AB8H         LINE#         1105
  C:0ABFH         LINE#         1106
  C:0ABFH         LINE#         1107
  C:0ADEH         LINE#         1108
  C:0B0AH         LINE#         1109
  C:0B0DH         LINE#         1110
  C:0B27H         LINE#         1111
  C:0B27H         LINE#         1112
  C:0B50H         LINE#         1113
  C:0B7FH         LINE#         1114
  C:0B9FH         LINE#         1115
  C:0B9FH         LINE#         1116
  C:0BA1H         LINE#         1118
  C:0BA7H         LINE#         1119
  C:0BC7H         LINE#         1121
  C:0BD0H         LINE#         1122
  C:0BD6H         LINE#         1123
  C:0BD6H         LINE#         1124
  C:0BD9H         LINE#         1125
  C:0BF2H         LINE#         1126
  C:0BF2H         LINE#         1127
  C:0BFBH         LINE#         1128
  C:0C09H         LINE#         1129
  C:0C14H         LINE#         1130
  C:0C14H         LINE#         1131
  C:0C1CH         LINE#         1132
  C:0C22H         LINE#         1133
  C:0C24H         LINE#         1135
  C:0C46H         LINE#         1136
  C:0C7CH         LINE#         1137
  C:0C99H         LINE#         1138
  C:0C9FH         LINE#         1139
  C:0C9FH         LINE#         1140
  C:0CA1H         LINE#         1142
  C:0CB0H         LINE#         1146
  C:0CBEH         LINE#         1147
  C:0CBEH         LINE#         1148
  C:0CC9H         LINE#         1149
  C:0CC9H         LINE#         1150
  C:0CDDH         LINE#         1151
  C:0CE7H         LINE#         1152
  C:0CEDH         LINE#         1153
  C:0CEDH         LINE#         1154
  C:0D1AH         LINE#         1155
  C:0D24H         LINE#         1156
  C:0D24H         LINE#         1157
  C:0D4CH         LINE#         1158
  C:0D6FH         LINE#         1160
  C:0D95H         LINE#         1161
  C:0D95H         LINE#         1162
  C:0E18H         LINE#         1164
  C:0E5BH         LINE#         1165
  C:0E83H         LINE#         1166
BL51 BANKED LINKER/LOCATER V6.22            10/22/2012  10:01:29  PAGE 12


  C:0EA6H         LINE#         1168
  C:0ED0H         LINE#         1169
  C:0EF8H         LINE#         1170
  C:0F1BH         LINE#         1172
  C:0F52H         LINE#         1173
  C:0F52H         LINE#         1174
  C:0F82H         LINE#         1175
  C:0FAAH         LINE#         1176
  C:0FCEH         LINE#         1178
  C:0FFAH         LINE#         1179
  C:0FFDH         LINE#         1181
  C:0FFDH         LINE#         1182
  C:101CH         LINE#         1183
  C:1044H         LINE#         1184
  C:1068H         LINE#         1186
  C:10BDH         LINE#         1188
  C:10BDH         LINE#         1189
  C:10E3H         LINE#         1190
  C:1107H         LINE#         1192
  C:112CH         LINE#         1193
  C:1152H         LINE#         1194
  C:1176H         LINE#         1195
  C:1176H         LINE#         1198
  C:117FH         LINE#         1199
  C:117FH         LINE#         1200
  C:123DH         LINE#         1201
  C:1281H         LINE#         1202
  C:12A9H         LINE#         1203
  C:12CBH         LINE#         1204
  C:12EAH         LINE#         1205
  C:1312H         LINE#         1206
  C:1334H         LINE#         1207
  C:1334H         LINE#         1209
  C:1334H         LINE#         1210
  C:1366H         LINE#         1211
  C:138BH         LINE#         1212
  C:13ACH         LINE#         1213
  C:13CBH         LINE#         1215
  C:1405H         LINE#         1216
  C:1405H         LINE#         1220
  C:1414H         LINE#         1221
  C:1414H         LINE#         1222
  C:1418H         LINE#         1223
  C:1418H         LINE#         1224
  C:1437H         LINE#         1225
  C:1456H         LINE#         1226
  C:1456H         LINE#         1227
  C:14E5H         LINE#         1229
  C:14F3H         LINE#         1230
  C:1510H         LINE#         1231
  C:151AH         LINE#         1232
  C:1538H         LINE#         1233
  C:1549H         LINE#         1234
  C:156EH         LINE#         1235
  C:15B6H         LINE#         1236
  C:15DEH         LINE#         1237
  C:1602H         LINE#         1238
  C:164DH         LINE#         1239
  C:1676H         LINE#         1240
  C:169DH         LINE#         1241
  C:16A0H         LINE#         1243
  C:16A0H         LINE#         1244
  C:16F2H         LINE#         1245
  C:1710H         LINE#         1246
  C:172DH         LINE#         1247
BL51 BANKED LINKER/LOCATER V6.22            10/22/2012  10:01:29  PAGE 13


  C:174EH         LINE#         1248
  C:1769H         LINE#         1249
  C:178AH         LINE#         1250
  C:17A9H         LINE#         1252
  C:17E9H         LINE#         1253
  C:1811H         LINE#         1254
  C:1835H         LINE#         1255
  C:1868H         LINE#         1256
  C:1890H         LINE#         1257
  C:18B4H         LINE#         1259
  C:18BEH         LINE#         1260
  C:18DCH         LINE#         1261
  C:1917H         LINE#         1262
  C:1947H         LINE#         1263
  C:1963H         LINE#         1264
  C:196FH         LINE#         1265
  C:1989H         LINE#         1266
  C:1993H         LINE#         1267
  C:1993H         LINE#         1270
  C:1999H         LINE#         1271
  C:1999H         LINE#         1272
  C:199CH         LINE#         1273
  C:199EH         LINE#         1275
  C:199EH         LINE#         1276
  C:19ACH         LINE#         1277
  C:19AFH         LINE#         1278
  C:19AFH         LINE#         1279
  C:19C2H         LINE#         1281
  C:19CBH         LINE#         1282
  C:19CBH         LINE#         1283
  C:19CDH         LINE#         1285
  C:19D0H         LINE#         1287
  C:19D0H         LINE#         1288
  C:19D6H         LINE#         1290
  C:19DDH         LINE#         1291
  C:19DDH         LINE#         1292
  C:19E0H         LINE#         1294
  C:19E0H         LINE#         1295
  C:1A22H         LINE#         1296
  C:1A36H         LINE#         1298
  C:1A5EH         LINE#         1299
  C:1A65H         LINE#         1300
  C:1A97H         LINE#         1301
  C:1A97H         LINE#         1302
  C:1A99H         LINE#         1303
  C:1AA0H         LINE#         1304
  C:1AA0H         LINE#         1305
  C:1AAFH         LINE#         1306
  C:1AAFH         LINE#         1307
  C:1AB1H         LINE#         1308
  C:1AB3H         LINE#         1309
  C:1AB9H         LINE#         1310
  C:1AC3H         LINE#         1311
  C:1AC3H         LINE#         1312
  C:1AC3H         LINE#         1313
  C:1AC3H         LINE#         1314
  C:1AC3H         LINE#         1336
  C:1AEBH         LINE#         1337
  C:1B0FH         LINE#         1339
  C:1B52H         LINE#         1340
  C:1B57H         LINE#         1379
  C:1B5DH         LINE#         1381
  -------         ENDPROC       TIMER0_ISR
  -------         PROC          _DECODELATORLON
  D:0054H         SYMBOL        Array
BL51 BANKED LINKER/LOCATER V6.22            10/22/2012  10:01:29  PAGE 14


  D:0057H         SYMBOL        n
  -------         DO            
  X:06CEH         SYMBOL        koord
  X:06D2H         SYMBOL        tmp
  -------         ENDDO         
  C:4B50H         LINE#         1384
  C:4B58H         LINE#         1385
  C:4B58H         LINE#         1387
  C:4B74H         LINE#         1388
  C:4B91H         LINE#         1389
  C:4BC6H         LINE#         1390
  C:4BEAH         LINE#         1391
  C:4C1FH         LINE#         1392
  C:4C44H         LINE#         1393
  C:4C79H         LINE#         1394
  C:4C87H         LINE#         1395
  -------         ENDPROC       _DECODELATORLON
  -------         ENDMOD        BPU1

  -------         MODULE        INTERFACE
  C:0000H         SYMBOL        _ICE_DUMMY_
  B:0023H.2       PUBLIC        flTransmiter
  D:00E8H         PUBLIC        ADC0CN
  D:0084H         PUBLIC        SFRPAGE
  X:0696H         PUBLIC        BufferInModem
  D:00E8H         PUBLIC        ADC2CN
  D:00A8H         PUBLIC        IE
  C:4404H         PUBLIC        OutModem20
  C:485EH         PUBLIC        OutModem21
  D:00D8H         PUBLIC        PCA0CN
  D:00B8H         PUBLIC        IP
  X:06CAH         PUBLIC        r0
  D:00C0H         PUBLIC        SMB0CN
  D:0088H         PUBLIC        CPT0CN
  D:0088H         PUBLIC        CPT1CN
  D:00F8H         PUBLIC        SPI0CN
  D:0088H         PUBLIC        TCON
  D:00C8H         PUBLIC        TMR2CN
  D:00C8H         PUBLIC        TMR3CN
  D:00C8H         PUBLIC        TMR4CN
  B:0098H.1       PUBLIC        TI0
  D:0088H         PUBLIC        FLSTAT
  X:06CCH         PUBLIC        rk
  C:56C0H         PUBLIC        _OutModem1
  C:556BH         PUBLIC        _OutModem2
  C:51FDH         PUBLIC        _OutModem4
  D:0098H         PUBLIC        SCON0
  D:0098H         PUBLIC        SCON1
  D:00D0H         PUBLIC        PSW
  -------         PROC          OUTMODEM20
  -------         DO            
  X:06D6H         SYMBOL        i
  -------         ENDDO         
  C:4404H         LINE#         11
  C:4404H         LINE#         12
  C:4404H         LINE#         14
  C:4407H         LINE#         16
  C:440DH         LINE#         17
  C:4410H         LINE#         18
  C:4410H         LINE#         19
  C:4414H         LINE#         20
  C:4416H         LINE#         21
  C:4418H         LINE#         22
  C:441CH         LINE#         23
  C:4420H         LINE#         24
BL51 BANKED LINKER/LOCATER V6.22            10/22/2012  10:01:29  PAGE 15


  C:4422H         LINE#         25
  C:4424H         LINE#         26
  C:4426H         LINE#         27
  C:4428H         LINE#         28
  C:442AH         LINE#         29
  C:442CH         LINE#         30
  C:442EH         LINE#         32
  C:442EH         LINE#         33
  C:4442H         LINE#         34
  C:4456H         LINE#         35
  C:4463H         LINE#         36
  C:447BH         LINE#         37
  C:447BH         LINE#         39
  C:449CH         LINE#         40
  C:44BCH         LINE#         41
  C:44E6H         LINE#         42
  C:451CH         LINE#         43
  C:453CH         LINE#         44
  C:4552H         LINE#         45
  C:455CH         LINE#         46
  C:4566H         LINE#         47
  C:4572H         LINE#         48
  C:4592H         LINE#         49
  C:45C2H         LINE#         50
  C:45F2H         LINE#         52
  C:45F8H         LINE#         53
  C:45FAH         LINE#         54
  C:45FCH         LINE#         55
  C:4612H         LINE#         56
  C:4632H         LINE#         58
  C:463AH         LINE#         59
  C:4640H         LINE#         60
  C:4644H         LINE#         61
  C:4646H         LINE#         62
  C:4648H         LINE#         64
  C:464BH         LINE#         65
  C:465BH         LINE#         66
  C:4680H         LINE#         67
  C:4687H         LINE#         69
  C:468EH         LINE#         70
  C:4694H         LINE#         72
  C:4696H         LINE#         73
  C:4699H         LINE#         74
  C:469BH         LINE#         76
  -------         ENDPROC       OUTMODEM20
  -------         PROC          OUTMODEM21
  -------         DO            
  X:06D7H         SYMBOL        i
  -------         ENDDO         
  C:485EH         LINE#         79
  C:485EH         LINE#         80
  C:485EH         LINE#         82
  C:4861H         LINE#         85
  C:4863H         LINE#         86
  C:4869H         LINE#         88
  C:486FH         LINE#         89
  C:4895H         LINE#         90
  C:489BH         LINE#         91
  C:48B5H         LINE#         92
  C:48BBH         LINE#         93
  C:48D3H         LINE#         94
  C:48DBH         LINE#         95
  C:48E1H         LINE#         96
  C:48E5H         LINE#         97
  C:48FDH         LINE#         98
BL51 BANKED LINKER/LOCATER V6.22            10/22/2012  10:01:29  PAGE 16


  C:491DH         LINE#         99
  C:4924H         LINE#         100
  C:492AH         LINE#         102
  C:4936H         LINE#         103
  C:493CH         LINE#         104
  C:4948H         LINE#         105
  C:4952H         LINE#         106
  C:4956H         LINE#         108
  C:496BH         LINE#         109
  C:498EH         LINE#         111
  C:4991H         LINE#         112
  C:49A1H         LINE#         113
  C:49C6H         LINE#         114
  C:49CDH         LINE#         116
  C:49D4H         LINE#         117
  C:49DAH         LINE#         118
  C:49DCH         LINE#         119
  C:49DFH         LINE#         120
  C:49E1H         LINE#         121
  -------         ENDPROC       OUTMODEM21
  -------         PROC          _OUTMODEM1
  D:0007H         SYMBOL        Data
  D:0005H         SYMBOL        i
  C:56C0H         LINE#         123
  C:56C0H         LINE#         124
  C:56C0H         LINE#         125
  C:56D5H         LINE#         126
  -------         ENDPROC       _OUTMODEM1
  -------         PROC          _OUTMODEM2
  D:0068H         SYMBOL        Data
  D:0005H         SYMBOL        i
  C:556BH         LINE#         129
  C:556FH         LINE#         130
  C:556FH         LINE#         131
  C:5587H         LINE#         132
  C:55ADH         LINE#         133
  -------         ENDPROC       _OUTMODEM2
  -------         PROC          _OUTMODEM4
  D:001AH         SYMBOL        Data
  D:001EH         SYMBOL        i
  C:51FDH         LINE#         136
  C:5205H         LINE#         137
  C:5205H         LINE#         138
  C:5221H         LINE#         139
  C:524AH         LINE#         140
  C:526DH         LINE#         141
  C:5296H         LINE#         142
  -------         ENDPROC       _OUTMODEM4
  -------         ENDMOD        INTERFACE

  -------         MODULE        SERVO
  C:0000H         SYMBOL        _ICE_DUMMY_
  D:00A0H         PUBLIC        P2
  D:00B0H         PUBLIC        P3
  D:00C8H         PUBLIC        P4
  D:00D8H         PUBLIC        P5
  D:00E8H         PUBLIC        P6
  D:00F8H         PUBLIC        P7
  D:00E8H         PUBLIC        ADC0CN
  D:0084H         PUBLIC        SFRPAGE
  D:00E8H         PUBLIC        ADC2CN
  D:00A8H         PUBLIC        IE
  D:00D8H         PUBLIC        PCA0CN
  D:00B8H         PUBLIC        IP
  C:55AEH         PUBLIC        _read
BL51 BANKED LINKER/LOCATER V6.22            10/22/2012  10:01:29  PAGE 17


  D:00C0H         PUBLIC        SMB0CN
  D:0088H         PUBLIC        CPT0CN
  D:0088H         PUBLIC        CPT1CN
  C:5635H         PUBLIC        _write
  D:00F8H         PUBLIC        SPI0CN
  D:0088H         PUBLIC        TCON
  D:00C8H         PUBLIC        TMR2CN
  D:00C8H         PUBLIC        TMR3CN
  D:00C8H         PUBLIC        TMR4CN
  D:0088H         PUBLIC        FLSTAT
  B:00B0H.6       PUBLIC        rd
  B:00B0H.4       PUBLIC        re
  B:00B0H.3       PUBLIC        we
  D:0098H         PUBLIC        SCON0
  D:0098H         PUBLIC        SCON1
  B:00B0H.5       PUBLIC        wr
  D:00D0H         PUBLIC        PSW
  -------         PROC          _READ
  D:0007H         SYMBOL        adress
  -------         DO            
  D:0004H         SYMBOL        dat
  -------         ENDDO         
  C:55AEH         LINE#         18
  C:55AEH         LINE#         19
  C:55AEH         LINE#         21
  C:55B1H         LINE#         22
  C:55B5H         LINE#         23
  C:55B9H         LINE#         24
  C:55BBH         LINE#         25
  C:55C7H         LINE#         27
  C:55CAH         LINE#         28
  C:55CCH         LINE#         29
  C:55D2H         LINE#         30
  C:55DCH         LINE#         32
  C:55DFH         LINE#         33
  C:55E1H         LINE#         35
  C:55E5H         LINE#         36
  -------         ENDPROC       _READ
  -------         PROC          _WRITE
  D:0007H         SYMBOL        adress
  D:0004H         SYMBOL        dat
  C:5635H         LINE#         39
  C:5635H         LINE#         40
  C:5635H         LINE#         41
  C:5638H         LINE#         42
  C:563CH         LINE#         43
  C:563EH         LINE#         45
  C:5641H         LINE#         46
  C:5643H         LINE#         47
  C:5646H         LINE#         48
  C:5649H         LINE#         50
  C:564CH         LINE#         51
  C:564EH         LINE#         52
  C:564FH         LINE#         53
  C:5654H         LINE#         55
  C:5656H         LINE#         57
  -------         ENDPROC       _WRITE
  -------         ENDMOD        SERVO

  -------         MODULE        INIT
  C:0000H         SYMBOL        _ICE_DUMMY_
  D:008FH         PUBLIC        PLL0FLT
  D:00BCH         PUBLIC        ADC0CF
  D:00E6H         PUBLIC        EIE1
  D:00BCH         PUBLIC        ADC2CF
BL51 BANKED LINKER/LOCATER V6.22            10/22/2012  10:01:29  PAGE 18


  D:00E7H         PUBLIC        EIE2
  D:008EH         PUBLIC        PLL0MUL
  D:00E8H         PUBLIC        ADC0CN
  D:00D4H         PUBLIC        DAC0CN
  D:0084H         PUBLIC        SFRPAGE
  D:00D4H         PUBLIC        DAC1CN
  D:00A4H         PUBLIC        P0MDOUT
  D:00E8H         PUBLIC        ADC2CN
  D:00A5H         PUBLIC        P1MDOUT
  D:00A8H         PUBLIC        IE
  D:00A6H         PUBLIC        P2MDOUT
  D:00A7H         PUBLIC        P3MDOUT
  C:5675H         PUBLIC        DAC0_init
  D:00F6H         PUBLIC        EIP1
  D:009CH         PUBLIC        P4MDOUT
  D:00F7H         PUBLIC        EIP2
  D:009DH         PUBLIC        P5MDOUT
  D:009EH         PUBLIC        P6MDOUT
  D:009FH         PUBLIC        P7MDOUT
  D:00C4H         PUBLIC        ADC0GT
  D:00D8H         PUBLIC        PCA0CN
  D:00C4H         PUBLIC        ADC2GT
  D:00B8H         PUBLIC        IP
  D:00C6H         PUBLIC        ADC0LT
  D:00C6H         PUBLIC        ADC2LT
  D:00E1H         PUBLIC        XBR0
  D:00E2H         PUBLIC        XBR1
  D:00E3H         PUBLIC        XBR2
  D:00D1H         PUBLIC        REF0CN
  D:00BAH         PUBLIC        AMX0CF
  D:00CBH         PUBLIC        RCAP2H
  D:00BAH         PUBLIC        AMX2CF
  D:00C0H         PUBLIC        SMB0CN
  D:00CAH         PUBLIC        RCAP2L
  D:0088H         PUBLIC        CPT0CN
  D:00ADH         PUBLIC        P1MDIN
  D:0089H         PUBLIC        PLL0CN
  D:0088H         PUBLIC        CPT1CN
  D:00F8H         PUBLIC        SPI0CN
  D:00C9H         PUBLIC        TMR2CF
  D:0089H         PUBLIC        TMOD
  D:0088H         PUBLIC        TCON
  D:00C8H         PUBLIC        TMR2CN
  D:00C8H         PUBLIC        TMR3CN
  D:00C8H         PUBLIC        TMR4CN
  D:0097H         PUBLIC        CLKSEL
  D:00D3H         PUBLIC        DAC0H
  D:008AH         PUBLIC        OSCICN
  D:00D3H         PUBLIC        DAC1H
  D:00D2H         PUBLIC        DAC0L
  D:00D2H         PUBLIC        DAC1L
  C:56D6H         PUBLIC        Timer0_init
  D:008CH         PUBLIC        TH0
  D:008DH         PUBLIC        TH1
  D:008CH         PUBLIC        OSCXCN
  D:008AH         PUBLIC        TL0
  D:0088H         PUBLIC        FLSTAT
  D:008BH         PUBLIC        TL1
  B:0088H.4       PUBLIC        TR0
  B:0088H.6       PUBLIC        TR1
  B:00C8H.2       PUBLIC        TR2
  C:53BDH         PUBLIC        SYSCLK
  C:5610H         PUBLIC        port_init
  C:55E6H         PUBLIC        ADC_init
  D:00EFH         PUBLIC        RSTSRC
BL51 BANKED LINKER/LOCATER V6.22            10/22/2012  10:01:29  PAGE 19


  C:5657H         PUBLIC        UART0_Init
  D:0098H         PUBLIC        SCON0
  C:5691H         PUBLIC        UART1_Init
  D:0098H         PUBLIC        SCON1
  D:0091H         PUBLIC        SSTA0
  D:00CDH         PUBLIC        TMR2H
  D:008EH         PUBLIC        CKCON
  D:00CCH         PUBLIC        TMR2L
  D:00B7H         PUBLIC        FLSCL
  C:56A9H         PUBLIC        config
  D:00D0H         PUBLIC        PSW
  D:008DH         PUBLIC        PLL0DIV
  -------         PROC          SYSCLK
  -------         DO            
  X:0691H         SYMBOL        n
  -------         ENDDO         
  C:53BDH         LINE#         6
  C:53BDH         LINE#         7
  C:53BDH         LINE#         8
  C:53C4H         LINE#         10
  C:53C6H         LINE#         11
  C:53C9H         LINE#         13
  C:53CCH         LINE#         14
  C:53CFH         LINE#         15
  C:53EFH         LINE#         17
  C:53F4H         LINE#         19
  C:53F7H         LINE#         20
  C:53FAH         LINE#         21
  C:53FDH         LINE#         23
  C:53FFH         LINE#         24
  C:5402H         LINE#         26
  C:5405H         LINE#         27
  C:5408H         LINE#         28
  C:540BH         LINE#         29
  C:540EH         LINE#         30
  C:5411H         LINE#         31
  C:5431H         LINE#         33
  C:5434H         LINE#         36
  C:5437H         LINE#         37
  -------         ENDPROC       SYSCLK
  -------         PROC          PORT_INIT
  C:5610H         LINE#         40
  C:5610H         LINE#         41
  C:5610H         LINE#         42
  C:5613H         LINE#         43
  C:5616H         LINE#         44
  C:5619H         LINE#         45
  C:561CH         LINE#         48
  C:561FH         LINE#         49
  C:5622H         LINE#         50
  C:5624H         LINE#         51
  C:5626H         LINE#         52
  C:5629H         LINE#         53
  C:562BH         LINE#         54
  C:562DH         LINE#         55
  C:562FH         LINE#         56
  C:5631H         LINE#         58
  C:5634H         LINE#         59
  -------         ENDPROC       PORT_INIT
  -------         PROC          CONFIG
  C:56A9H         LINE#         62
  C:56A9H         LINE#         63
  C:56A9H         LINE#         64
  C:56ACH         LINE#         65
  C:56AEH         LINE#         67
BL51 BANKED LINKER/LOCATER V6.22            10/22/2012  10:01:29  PAGE 20


  C:56B1H         LINE#         68
  C:56B4H         LINE#         69
  C:56B7H         LINE#         71
  C:56BAH         LINE#         72
  C:56BCH         LINE#         73
  C:56BFH         LINE#         74
  -------         ENDPROC       CONFIG
  -------         PROC          UART0_INIT
  C:5657H         LINE#         77
  C:5657H         LINE#         78
  C:5657H         LINE#         79
  C:565AH         LINE#         81
  C:565DH         LINE#         82
  C:5660H         LINE#         83
  C:5663H         LINE#         85
  C:5665H         LINE#         86
  C:5667H         LINE#         87
  C:566AH         LINE#         88
  C:566CH         LINE#         89
  C:566EH         LINE#         91
  C:5671H         LINE#         92
  C:5674H         LINE#         93
  -------         ENDPROC       UART0_INIT
  -------         PROC          UART1_INIT
  C:5691H         LINE#         97
  C:5691H         LINE#         98
  C:5691H         LINE#         99
  C:5694H         LINE#         100
  C:5697H         LINE#         105
  C:569AH         LINE#         106
  C:569DH         LINE#         112
  C:56A0H         LINE#         118
  C:56A3H         LINE#         119
  C:56A6H         LINE#         120
  C:56A8H         LINE#         121
  -------         ENDPROC       UART1_INIT
  -------         PROC          DAC0_INIT
  C:5675H         LINE#         124
  C:5675H         LINE#         125
  C:5675H         LINE#         126
  C:5678H         LINE#         127
  C:567BH         LINE#         129
  C:567EH         LINE#         130
  C:5681H         LINE#         131
  C:5684H         LINE#         133
  C:5687H         LINE#         134
  C:568AH         LINE#         135
  C:568DH         LINE#         136
  C:5690H         LINE#         137
  -------         ENDPROC       DAC0_INIT
  -------         PROC          ADC_INIT
  C:55E6H         LINE#         140
  C:55E6H         LINE#         141
  C:55E6H         LINE#         142
  C:55E9H         LINE#         143
  C:55ECH         LINE#         144
  C:55EEH         LINE#         145
  C:55F1H         LINE#         146
  C:55F4H         LINE#         148
  C:55F8H         LINE#         149
  C:55FEH         LINE#         151
  C:5601H         LINE#         152
  C:5604H         LINE#         153
  C:5607H         LINE#         154
  C:560AH         LINE#         156
BL51 BANKED LINKER/LOCATER V6.22            10/22/2012  10:01:29  PAGE 21


  C:560CH         LINE#         157
  C:560FH         LINE#         158
  -------         ENDPROC       ADC_INIT
  -------         PROC          TIMER0_INIT
  C:56D6H         LINE#         161
  C:56D6H         LINE#         162
  C:56D6H         LINE#         163
  C:56D9H         LINE#         164
  C:56DCH         LINE#         165
  C:56DFH         LINE#         166
  C:56E2H         LINE#         167
  C:56E5H         LINE#         169
  C:56E7H         LINE#         171
  -------         ENDPROC       TIMER0_INIT
  -------         ENDMOD        INIT

  -------         MODULE        MMCFLASH6
  C:0000H         SYMBOL        _ICE_DUMMY_
  D:009DH         PUBLIC        SPI0CKR
  X:000FH         PUBLIC        szflash
  D:00B0H         PUBLIC        P3
  X:0013H         PUBLIC        time_t
  X:0017H         PUBLIC        eoferr
  D:00E8H         PUBLIC        ADC0CN
  D:0084H         PUBLIC        SFRPAGE
  D:00E8H         PUBLIC        ADC2CN
  D:00A8H         PUBLIC        IE
  X:0019H         PUBLIC        flash
  X:001AH         PUBLIC        MMC_CMD
  X:001BH         PUBLIC        flageofrec
  B:00B0H.2       PUBLIC        CS
  D:00D8H         PUBLIC        PCA0CN
  D:00B8H         PUBLIC        IP
  C:2E9BH         PUBLIC        SPI_isr
  D:00C0H         PUBLIC        SMB0CN
  C:54ABH         PUBLIC        MMC_init1
  D:0088H         PUBLIC        CPT0CN
  D:0088H         PUBLIC        CPT1CN
  C:1B78H         PUBLIC        _WriteInKZA
  D:00F8H         PUBLIC        SPI0CN
  X:001CH         PUBLIC        i_wr
  B:00F8H.7       PUBLIC        SPIF
  D:0088H         PUBLIC        TCON
  D:00C8H         PUBLIC        TMR2CN
  D:00C8H         PUBLIC        TMR3CN
  D:00C8H         PUBLIC        TMR4CN
  X:001EH         PUBLIC        nzap
  X:0022H         PUBLIC        jump
  X:0023H         PUBLIC        timeFlashOver
  X:0025H         PUBLIC        BuffFromKza
  D:0088H         PUBLIC        FLSTAT
  X:0225H         PUBLIC        lastaddr
  X:0229H         PUBLIC        eofaddr
  X:022DH         PUBLIC        jumpaddr
  C:56F7H         PUBLIC        SPI_Init
  D:0098H         PUBLIC        SCON0
  D:0098H         PUBLIC        SCON1
  X:0231H         PUBLIC        address
  X:0235H         PUBLIC        newfile
  D:009AH         PUBLIC        SPI0CFG
  X:0236H         PUBLIC        tmpaddr
  X:023AH         PUBLIC        slipbyte
  D:009BH         PUBLIC        SPI0DAT
  D:00D0H         PUBLIC        PSW
  X:023EH         PUBLIC        BufferInKZA
BL51 BANKED LINKER/LOCATER V6.22            10/22/2012  10:01:29  PAGE 22


  -------         PROC          SPI_INIT
  C:56F7H         LINE#         25
  C:56F7H         LINE#         26
  C:56F7H         LINE#         27
  C:56FAH         LINE#         28
  C:56FDH         LINE#         29
  C:5700H         LINE#         30
  -------         ENDPROC       SPI_INIT
  -------         PROC          SPI_ISR
  -------         DO            
  X:0000H         SYMBOL        stoprec
  X:0004H         SYMBOL        b
  X:0005H         SYMBOL        i_CMD
  X:0640H         SYMBOL        pchar
  X:0643H         SYMBOL        dummy_CRC
  X:0644H         SYMBOL        size
  X:0646H         SYMBOL        SFRPAGE_SAVE
  C:3D65H         SYMBOL        EndSpiIsr
  -------         ENDDO         
  C:2E9BH         LINE#         33
  C:2EB8H         LINE#         40
  C:2EBEH         LINE#         41
  C:2EC1H         LINE#         43
  C:2EC3H         LINE#         44
  C:2EC8H         LINE#         45
  C:2ECEH         LINE#         46
  C:2ECEH         LINE#         47
  C:2ED4H         LINE#         48
  C:2ED6H         LINE#         49
  C:2ED9H         LINE#         50
  C:2EDCH         LINE#         51
  C:2EDCH         LINE#         52
  C:2EEAH         LINE#         53
  C:2EF7H         LINE#         54
  C:2EF7H         LINE#         55
  C:2EF9H         LINE#         56
  C:2EF9H         LINE#         57
  C:2EFCH         LINE#         58
  C:2F05H         LINE#         59
  C:2F05H         LINE#         60
  C:2F05H         LINE#         61
  C:2F08H         LINE#         62
  C:2F0EH         LINE#         63
  C:2F0EH         LINE#         64
  C:2F10H         LINE#         65
  C:2F10H         LINE#         66
  C:2F13H         LINE#         68
  C:2F13H         LINE#         69
  C:2F19H         LINE#         70
  C:2F20H         LINE#         71
  C:2F23H         LINE#         72
  C:2F23H         LINE#         73
  C:2F26H         LINE#         74
  C:2F2EH         LINE#         75
  C:2F2EH         LINE#         76
  C:2F3DH         LINE#         77
  C:2F3DH         LINE#         78
  C:2F49H         LINE#         79
  C:2F49H         LINE#         80
  C:2F4CH         LINE#         82
  C:2F4CH         LINE#         83
  C:2F53H         LINE#         84
  C:2F59H         LINE#         85
  C:2F5CH         LINE#         86
  C:2F5CH         LINE#         87
BL51 BANKED LINKER/LOCATER V6.22            10/22/2012  10:01:29  PAGE 23


  C:2F5FH         LINE#         88
  C:2F63H         LINE#         89
  C:2F63H         LINE#         90
  C:2F69H         LINE#         91
  C:2F69H         LINE#         92
  C:2F6CH         LINE#         93
  C:2F74H         LINE#         94
  C:2F74H         LINE#         95
  C:2F7AH         LINE#         96
  C:2F7AH         LINE#         97
  C:2F7AH         LINE#         98
  C:2F80H         LINE#         99
  C:2F86H         LINE#         100
  C:2F86H         LINE#         101
  C:2F86H         LINE#         102
  C:2F89H         LINE#         103
  C:2F8EH         LINE#         104
  C:2F8EH         LINE#         105
  C:2F94H         LINE#         106
  C:2F98H         LINE#         107
  C:2F98H         LINE#         108
  C:2F9EH         LINE#         109
  C:2FA4H         LINE#         110
  C:2FA6H         LINE#         111
  C:2FAAH         LINE#         112
  C:2FAAH         LINE#         113
  C:2FB1H         LINE#         114
  C:2FB7H         LINE#         115
  C:2FB9H         LINE#         116
  C:2FBBH         LINE#         118
  C:2FBBH         LINE#         119
  C:2FD3H         LINE#         120
  C:2FD3H         LINE#         121
  C:2FD3H         LINE#         122
  C:2FD6H         LINE#         123
  C:2FD6H         LINE#         124
  C:2FD6H         LINE#         125
  C:2FD6H         LINE#         126
  C:2FD9H         LINE#         127
  C:2FE1H         LINE#         128
  C:2FE1H         LINE#         129
  C:2FF0H         LINE#         130
  C:2FF0H         LINE#         131
  C:2FFCH         LINE#         132
  C:2FFCH         LINE#         133
  C:2FFFH         LINE#         135
  C:2FFFH         LINE#         136
  C:3001H         LINE#         137
  C:3008H         LINE#         138
  C:300EH         LINE#         139
  C:3011H         LINE#         140
  C:3011H         LINE#         141
  C:3014H         LINE#         142
  C:3018H         LINE#         143
  C:3018H         LINE#         144
  C:3027H         LINE#         145
  C:3027H         LINE#         146
  C:3033H         LINE#         147
  C:3033H         LINE#         148
  C:3036H         LINE#         150
  C:3036H         LINE#         151
  C:303DH         LINE#         152
  C:3043H         LINE#         153
  C:3046H         LINE#         154
  C:304DH         LINE#         155
BL51 BANKED LINKER/LOCATER V6.22            10/22/2012  10:01:29  PAGE 24


  C:304DH         LINE#         156
  C:3050H         LINE#         157
  C:3058H         LINE#         158
  C:3058H         LINE#         159
  C:305EH         LINE#         160
  C:3062H         LINE#         161
  C:3062H         LINE#         162
  C:3069H         LINE#         163
  C:306FH         LINE#         164
  C:3071H         LINE#         165
  C:3089H         LINE#         166
  C:3089H         LINE#         167
  C:3089H         LINE#         168
  C:3089H         LINE#         169
  C:308CH         LINE#         170
  C:308CH         LINE#         171
  C:308CH         LINE#         172
  C:308FH         LINE#         173
  C:3097H         LINE#         174
  C:3097H         LINE#         175
  C:309CH         LINE#         176
  C:309CH         LINE#         177
  C:309FH         LINE#         178
  C:30A1H         LINE#         179
  C:30B9H         LINE#         180
  C:30B9H         LINE#         181
  C:30B9H         LINE#         182
  C:30B9H         LINE#         183
  C:30BCH         LINE#         184
  C:30BCH         LINE#         185
  C:30BCH         LINE#         186
  C:30BFH         LINE#         187
  C:30C7H         LINE#         188
  C:30C7H         LINE#         189
  C:30CEH         LINE#         190
  C:30CEH         LINE#         191
  C:30D4H         LINE#         192
  C:30D6H         LINE#         194
  C:30D6H         LINE#         195
  C:30D8H         LINE#         196
  C:30DEH         LINE#         197
  C:30DEH         LINE#         198
  C:30DEH         LINE#         199
  C:30E1H         LINE#         200
  C:30E5H         LINE#         201
  C:30E5H         LINE#         203
  C:30E7H         LINE#         204
  C:3103H         LINE#         205
  C:3103H         LINE#         206
  C:3103H         LINE#         207
  C:3106H         LINE#         209
  C:3106H         LINE#         210
  C:3108H         LINE#         211
  C:3108H         LINE#         212
  C:3108H         LINE#         213
  C:310BH         LINE#         214
  C:3113H         LINE#         215
  C:3113H         LINE#         216
  C:312CH         LINE#         217
  C:312CH         LINE#         218
  C:3130H         LINE#         219
  C:3130H         LINE#         220
  C:3135H         LINE#         221
  C:3137H         LINE#         222
  C:313BH         LINE#         223
BL51 BANKED LINKER/LOCATER V6.22            10/22/2012  10:01:29  PAGE 25


  C:315AH         LINE#         224
  C:3176H         LINE#         225
  C:3176H         LINE#         226
  C:3178H         LINE#         227
  C:317EH         LINE#         228
  C:317EH         LINE#         229
  C:317EH         LINE#         230
  C:3181H         LINE#         231
  C:3189H         LINE#         232
  C:3189H         LINE#         233
  C:318BH         LINE#         234
  C:318BH         LINE#         235
  C:318EH         LINE#         236
  C:3192H         LINE#         237
  C:3192H         LINE#         238
  C:3197H         LINE#         239
  C:3197H         LINE#         240
  C:319AH         LINE#         241
  C:31A2H         LINE#         242
  C:31A2H         LINE#         243
  C:31A4H         LINE#         244
  C:31A4H         LINE#         245
  C:31A7H         LINE#         246
  C:31ABH         LINE#         247
  C:31ABH         LINE#         248
  C:31B0H         LINE#         249
  C:31B0H         LINE#         250
  C:31B3H         LINE#         251
  C:31BBH         LINE#         252
  C:31BBH         LINE#         253
  C:31BDH         LINE#         254
  C:31BDH         LINE#         255
  C:31C0H         LINE#         256
  C:31C4H         LINE#         257
  C:31C4H         LINE#         258
  C:31E4H         LINE#         259
  C:3206H         LINE#         260
  C:3210H         LINE#         261
  C:3215H         LINE#         262
  C:3215H         LINE#         263
  C:3218H         LINE#         264
  C:3220H         LINE#         265
  C:3220H         LINE#         266
  C:3227H         LINE#         267
  C:322CH         LINE#         268
  C:322CH         LINE#         269
  C:322FH         LINE#         270
  C:3237H         LINE#         271
  C:3237H         LINE#         272
  C:323DH         LINE#         273
  C:3241H         LINE#         274
  C:3241H         LINE#         275
  C:3247H         LINE#         276
  C:324DH         LINE#         277
  C:3250H         LINE#         278
  C:3254H         LINE#         279
  C:3254H         LINE#         280
  C:325EH         LINE#         281
  C:3264H         LINE#         282
  C:3266H         LINE#         283
  C:3273H         LINE#         284
  C:3273H         LINE#         285
  C:327AH         LINE#         286
  C:327CH         LINE#         287
  C:3282H         LINE#         288
BL51 BANKED LINKER/LOCATER V6.22            10/22/2012  10:01:29  PAGE 26


  C:3286H         LINE#         289
  C:3288H         LINE#         290
  C:32A0H         LINE#         291
  C:32A0H         LINE#         292
  C:32A7H         LINE#         293
  C:32A9H         LINE#         294
  C:32ADH         LINE#         295
  C:32AFH         LINE#         296
  C:32D2H         LINE#         297
  C:32D4H         LINE#         298
  C:32D7H         LINE#         299
  C:32D7H         LINE#         300
  C:32D7H         LINE#         301
  C:32DAH         LINE#         302
  C:32E2H         LINE#         303
  C:32E2H         LINE#         304
  C:32E8H         LINE#         305
  C:32ECH         LINE#         306
  C:32ECH         LINE#         307
  C:32F3H         LINE#         308
  C:32F9H         LINE#         309
  C:32FBH         LINE#         310
  C:3313H         LINE#         311
  C:3313H         LINE#         312
  C:3336H         LINE#         313
  C:3338H         LINE#         314
  C:333DH         LINE#         315
  C:333EH         LINE#         316
  C:333EH         LINE#         317
  C:3341H         LINE#         318
  C:3341H         LINE#         319
  C:3341H         LINE#         320
  C:3344H         LINE#         321
  C:334CH         LINE#         322
  C:334CH         LINE#         323
  C:3353H         LINE#         324
  C:3358H         LINE#         325
  C:3358H         LINE#         326
  C:335BH         LINE#         327
  C:335FH         LINE#         328
  C:335FH         LINE#         329
  C:3368H         LINE#         330
  C:3368H         LINE#         331
  C:336CH         LINE#         332
  C:3371H         LINE#         333
  C:3371H         LINE#         334
  C:3371H         LINE#         335
  C:3374H         LINE#         337
  C:3374H         LINE#         338
  C:3388H         LINE#         339
  C:3388H         LINE#         340
  C:338BH         LINE#         341
  C:3393H         LINE#         342
  C:3393H         LINE#         343
  C:339AH         LINE#         344
  C:339FH         LINE#         345
  C:339FH         LINE#         346
  C:33A2H         LINE#         347
  C:33A7H         LINE#         348
  C:33A7H         LINE#         349
  C:33ACH         LINE#         350
  C:33ACH         LINE#         351
  C:33B2H         LINE#         352
  C:33B4H         LINE#         353
  C:33B6H         LINE#         354
BL51 BANKED LINKER/LOCATER V6.22            10/22/2012  10:01:29  PAGE 27


  C:33CEH         LINE#         355
  C:33CEH         LINE#         356
  C:33F1H         LINE#         357
  C:33F3H         LINE#         358
  C:33F8H         LINE#         359
  C:33F9H         LINE#         360
  C:33F9H         LINE#         361
  C:33FCH         LINE#         362
  C:33FCH         LINE#         363
  C:33FCH         LINE#         364
  C:33FFH         LINE#         365
  C:3408H         LINE#         366
  C:3408H         LINE#         367
  C:3411H         LINE#         368
  C:3411H         LINE#         369
  C:3423H         LINE#         370
  C:342DH         LINE#         371
  C:3432H         LINE#         372
  C:3432H         LINE#         374
  C:3447H         LINE#         375
  C:3447H         LINE#         376
  C:344AH         LINE#         377
  C:344CH         LINE#         379
  C:344CH         LINE#         380
  C:3456H         LINE#         381
  C:345CH         LINE#         382
  C:345EH         LINE#         383
  C:345EH         LINE#         385
  C:345EH         LINE#         386
  C:3461H         LINE#         387
  C:3465H         LINE#         388
  C:3465H         LINE#         390
  C:346BH         LINE#         391
  C:3475H         LINE#         392
  C:3477H         LINE#         393
  C:347AH         LINE#         395
  C:347AH         LINE#         396
  C:347AH         LINE#         397
  C:347AH         LINE#         398
  C:347AH         LINE#         399
  C:347AH         LINE#         400
  C:3482H         LINE#         401
  C:3482H         LINE#         402
  C:3484H         LINE#         403
  C:3486H         LINE#         404
  C:3486H         LINE#         405
  C:3489H         LINE#         406
  C:348DH         LINE#         407
  C:348DH         LINE#         408
  C:3493H         LINE#         409
  C:3496H         LINE#         410
  C:3499H         LINE#         411
  C:349DH         LINE#         412
  C:349DH         LINE#         413
  C:34A2H         LINE#         414
  C:34A2H         LINE#         415
  C:34A5H         LINE#         416
  C:34A9H         LINE#         417
  C:34A9H         LINE#         418
  C:34AEH         LINE#         419
  C:34AEH         LINE#         420
  C:34B1H         LINE#         421
  C:34B5H         LINE#         422
  C:34B5H         LINE#         423
  C:34BAH         LINE#         424
BL51 BANKED LINKER/LOCATER V6.22            10/22/2012  10:01:29  PAGE 28


  C:34BAH         LINE#         425
  C:34BDH         LINE#         426
  C:34C1H         LINE#         427
  C:34C1H         LINE#         428
  C:34C6H         LINE#         429
  C:34C6H         LINE#         430
  C:34C9H         LINE#         431
  C:34CDH         LINE#         432
  C:34CDH         LINE#         433
  C:34D3H         LINE#         434
  C:34D7H         LINE#         435
  C:34D7H         LINE#         436
  C:34DEH         LINE#         437
  C:34E4H         LINE#         438
  C:34E4H         LINE#         439
  C:34E4H         LINE#         440
  C:34E7H         LINE#         441
  C:34F0H         LINE#         442
  C:34F0H         LINE#         443
  C:34F6H         LINE#         444
  C:34FAH         LINE#         445
  C:34FAH         LINE#         446
  C:3501H         LINE#         447
  C:3507H         LINE#         448
  C:350CH         LINE#         449
  C:350CH         LINE#         450
  C:350EH         LINE#         451
  C:350EH         LINE#         452
  C:351DH         LINE#         453
  C:351DH         LINE#         454
  C:3521H         LINE#         455
  C:3523H         LINE#         456
  C:3527H         LINE#         457
  C:3528H         LINE#         458
  C:3528H         LINE#         459
  C:352BH         LINE#         460
  C:352BH         LINE#         461
  C:352BH         LINE#         462
  C:352EH         LINE#         463
  C:3532H         LINE#         464
  C:3532H         LINE#         465
  C:3547H         LINE#         466
  C:3553H         LINE#         467
  C:3553H         LINE#         468
  C:3559H         LINE#         469
  C:355EH         LINE#         470
  C:355EH         LINE#         471
  C:3560H         LINE#         473
  C:3560H         LINE#         474
  C:356EH         LINE#         475
  C:356EH         LINE#         476
  C:356EH         LINE#         477
  C:3570H         LINE#         478
  C:3578H         LINE#         479
  C:3578H         LINE#         480
  C:357EH         LINE#         481
  C:3584H         LINE#         482
  C:3587H         LINE#         483
  C:358AH         LINE#         484
  C:358EH         LINE#         485
  C:358EH         LINE#         486
  C:3594H         LINE#         487
  C:3596H         LINE#         488
  C:359BH         LINE#         489
  C:359BH         LINE#         490
BL51 BANKED LINKER/LOCATER V6.22            10/22/2012  10:01:29  PAGE 29


  C:359EH         LINE#         491
  C:35A6H         LINE#         492
  C:35A6H         LINE#         493
  C:35ACH         LINE#         494
  C:35B6H         LINE#         495
  C:35E6H         LINE#         496
  C:361FH         LINE#         497
  C:361FH         LINE#         498
  C:362BH         LINE#         499
  C:3637H         LINE#         500
  C:3643H         LINE#         501
  C:364FH         LINE#         502
  C:365BH         LINE#         503
  C:3667H         LINE#         504
  C:3673H         LINE#         505
  C:367FH         LINE#         506
  C:368BH         LINE#         507
  C:3695H         LINE#         508
  C:3695H         LINE#         509
  C:3698H         LINE#         510
  C:369EH         LINE#         511
  C:36A1H         LINE#         512
  C:36A9H         LINE#         513
  C:36A9H         LINE#         514
  C:36AFH         LINE#         515
  C:36B1H         LINE#         516
  C:36B4H         LINE#         517
  C:36B4H         LINE#         518
  C:36B7H         LINE#         519
  C:36BBH         LINE#         520
  C:36BBH         LINE#         521
  C:36C0H         LINE#         522
  C:36C0H         LINE#         523
  C:36C3H         LINE#         524
  C:36C7H         LINE#         525
  C:36C7H         LINE#         526
  C:36CDH         LINE#         527
  C:36D0H         LINE#         528
  C:36D3H         LINE#         529
  C:36DBH         LINE#         530
  C:36DBH         LINE#         531
  C:36DEH         LINE#         532
  C:36E1H         LINE#         533
  C:36E4H         LINE#         534
  C:36E8H         LINE#         535
  C:36E8H         LINE#         536
  C:36EEH         LINE#         537
  C:36F1H         LINE#         538
  C:36F4H         LINE#         539
  C:36FCH         LINE#         540
  C:36FCH         LINE#         541
  C:36FFH         LINE#         542
  C:3702H         LINE#         543
  C:3705H         LINE#         544
  C:3709H         LINE#         545
  C:3709H         LINE#         546
  C:3710H         LINE#         547
  C:3715H         LINE#         548
  C:3715H         LINE#         549
  C:3718H         LINE#         550
  C:3720H         LINE#         551
  C:3720H         LINE#         552
  C:3726H         LINE#         553
  C:372AH         LINE#         554
  C:372AH         LINE#         555
BL51 BANKED LINKER/LOCATER V6.22            10/22/2012  10:01:29  PAGE 30


  C:3730H         LINE#         556
  C:3737H         LINE#         557
  C:3739H         LINE#         558
  C:373DH         LINE#         559
  C:373DH         LINE#         560
  C:3747H         LINE#         561
  C:374CH         LINE#         562
  C:374EH         LINE#         563
  C:3755H         LINE#         564
  C:3755H         LINE#         565
  C:375BH         LINE#         566
  C:375DH         LINE#         567
  C:3775H         LINE#         568
  C:3775H         LINE#         569
  C:3775H         LINE#         570
  C:3775H         LINE#         571
  C:3775H         LINE#         572
  C:3775H         LINE#         573
  C:3778H         LINE#         574
  C:3778H         LINE#         575
  C:3778H         LINE#         576
  C:377BH         LINE#         577
  C:3783H         LINE#         578
  C:3783H         LINE#         579
  C:3789H         LINE#         580
  C:378DH         LINE#         581
  C:378DH         LINE#         582
  C:3794H         LINE#         583
  C:379AH         LINE#         584
  C:379CH         LINE#         585
  C:37B4H         LINE#         586
  C:37B4H         LINE#         587
  C:37B4H         LINE#         588
  C:37B4H         LINE#         589
  C:37B4H         LINE#         590
  C:37B4H         LINE#         591
  C:37B7H         LINE#         592
  C:37B7H         LINE#         593
  C:37B7H         LINE#         594
  C:37BAH         LINE#         595
  C:37C2H         LINE#         596
  C:37C2H         LINE#         597
  C:37C8H         LINE#         598
  C:37CCH         LINE#         599
  C:37CCH         LINE#         600
  C:37D2H         LINE#         601
  C:37D9H         LINE#         602
  C:37DBH         LINE#         603
  C:37F3H         LINE#         604
  C:37F3H         LINE#         605
  C:37F3H         LINE#         606
  C:37F3H         LINE#         607
  C:37F3H         LINE#         608
  C:37F3H         LINE#         609
  C:37F6H         LINE#         610
  C:37F6H         LINE#         611
  C:37F6H         LINE#         612
  C:37F9H         LINE#         613
  C:3802H         LINE#         614
  C:3802H         LINE#         615
  C:3808H         LINE#         616
  C:380FH         LINE#         617
  C:380FH         LINE#         618
  C:382AH         LINE#         619
  C:382DH         LINE#         620
BL51 BANKED LINKER/LOCATER V6.22            10/22/2012  10:01:29  PAGE 31


  C:382FH         LINE#         622
  C:382FH         LINE#         623
  C:383DH         LINE#         624
  C:383FH         LINE#         625
  C:383FH         LINE#         627
  C:3851H         LINE#         628
  C:3851H         LINE#         629
  C:3855H         LINE#         630
  C:385BH         LINE#         631
  C:3861H         LINE#         632
  C:3861H         LINE#         634
  C:3864H         LINE#         635
  C:3869H         LINE#         636
  C:3869H         LINE#         637
  C:386EH         LINE#         638
  C:386EH         LINE#         639
  C:3870H         LINE#         640
  C:3876H         LINE#         641
  C:387CH         LINE#         642
  C:387FH         LINE#         643
  C:387FH         LINE#         644
  C:3897H         LINE#         645
  C:3897H         LINE#         646
  C:3897H         LINE#         647
  C:3897H         LINE#         648
  C:3897H         LINE#         649
  C:3897H         LINE#         650
  C:389AH         LINE#         651
  C:389AH         LINE#         652
  C:389AH         LINE#         653
  C:389DH         LINE#         655
  C:38A5H         LINE#         656
  C:38A5H         LINE#         657
  C:38A7H         LINE#         658
  C:38A9H         LINE#         659
  C:38A9H         LINE#         660
  C:38ACH         LINE#         661
  C:38B0H         LINE#         662
  C:38B0H         LINE#         663
  C:38B6H         LINE#         664
  C:38B9H         LINE#         665
  C:38BCH         LINE#         666
  C:38C0H         LINE#         667
  C:38C0H         LINE#         668
  C:38C6H         LINE#         669
  C:38C9H         LINE#         670
  C:38CCH         LINE#         671
  C:38D4H         LINE#         672
  C:38D4H         LINE#         673
  C:38D7H         LINE#         674
  C:38DAH         LINE#         675
  C:38DDH         LINE#         676
  C:38E1H         LINE#         677
  C:38E1H         LINE#         678
  C:38E7H         LINE#         679
  C:38EAH         LINE#         680
  C:38EDH         LINE#         681
  C:38F5H         LINE#         682
  C:38F5H         LINE#         683
  C:38F8H         LINE#         684
  C:38FBH         LINE#         685
  C:38FEH         LINE#         686
  C:3902H         LINE#         687
  C:3902H         LINE#         688
  C:3907H         LINE#         689
BL51 BANKED LINKER/LOCATER V6.22            10/22/2012  10:01:29  PAGE 32


  C:3907H         LINE#         690
  C:390AH         LINE#         691
  C:3912H         LINE#         692
  C:3912H         LINE#         693
  C:3919H         LINE#         694
  C:391EH         LINE#         695
  C:391EH         LINE#         696
  C:3921H         LINE#         697
  C:3926H         LINE#         698
  C:3926H         LINE#         699
  C:392CH         LINE#         700
  C:3930H         LINE#         701
  C:3930H         LINE#         702
  C:3936H         LINE#         703
  C:393CH         LINE#         704
  C:393EH         LINE#         705
  C:3942H         LINE#         706
  C:3942H         LINE#         707
  C:394CH         LINE#         708
  C:3952H         LINE#         709
  C:3954H         LINE#         710
  C:3961H         LINE#         711
  C:3961H         LINE#         712
  C:3968H         LINE#         713
  C:396AH         LINE#         714
  C:3970H         LINE#         715
  C:3974H         LINE#         716
  C:3976H         LINE#         717
  C:3985H         LINE#         718
  C:3985H         LINE#         719
  C:3989H         LINE#         720
  C:398BH         LINE#         721
  C:398FH         LINE#         722
  C:3994H         LINE#         723
  C:3998H         LINE#         724
  C:3998H         LINE#         725
  C:399BH         LINE#         726
  C:399BH         LINE#         727
  C:399BH         LINE#         728
  C:399EH         LINE#         729
  C:39A7H         LINE#         730
[...]
  C:1C25H         LINE#         1019
  C:1C2CH         LINE#         1020
BL51 BANKED LINKER/LOCATER V6.22            10/22/2012  10:01:29  PAGE 37


  C:1C34H         LINE#         1021
  C:1C34H         LINE#         1022
  C:1C49H         LINE#         1023
  C:1C49H         LINE#         1024
  C:1C4CH         LINE#         1025
  C:1C4CH         LINE#         1027
  C:1C5CH         LINE#         1028
  C:1C76H         LINE#         1029
  C:1C76H         LINE#         1030
  C:1C98H         LINE#         1031
  C:1C9AH         LINE#         1032
  C:1CB7H         LINE#         1033
  C:1CC1H         LINE#         1034
  C:1CC7H         LINE#         1035
  C:1CCEH         LINE#         1036
  C:1CCEH         LINE#         1037
  C:1CEDH         LINE#         1038
  C:1D07H         LINE#         1039
  C:1D2DH         LINE#         1040
  C:1D49H         LINE#         1041
  C:1D6FH         LINE#         1042
  C:1D95H         LINE#         1043
  C:1DBBH         LINE#         1044
  C:1DD7H         LINE#         1045
  C:1DFDH         LINE#         1046
  C:1E23H         LINE#         1047
  C:1E49H         LINE#         1048
  C:1E68H         LINE#         1049
  C:1E77H         LINE#         1050
  C:1EB6H         LINE#         1051
  C:1EB6H         LINE#         1052
  C:1ED3H         LINE#         1053
  C:1EE3H         LINE#         1054
  C:1EFCH         LINE#         1055
  C:1F02H         LINE#         1056
  C:1F04H         LINE#         1057
  C:1F0BH         LINE#         1058
  C:1F13H         LINE#         1059
  C:1F13H         LINE#         1060
  C:1F28H         LINE#         1061
  C:1F28H         LINE#         1063
  C:1F2AH         LINE#         1064
  C:1F2AH         LINE#         1066
  C:1F2FH         LINE#         1067
  C:1F2FH         LINE#         1068
  C:1F43H         LINE#         1069
  C:1F43H         LINE#         1071
  C:1F59H         LINE#         1072
  C:1F59H         LINE#         1073
  C:1F5AH         LINE#         1074
  C:1F60H         LINE#         1075
  C:1F60H         LINE#         1076
  C:1F79H         LINE#         1077
  C:1F92H         LINE#         1078
  C:1FA5H         LINE#         1079
  C:1FC2H         LINE#         1080
  C:1FC8H         LINE#         1081
  C:1FCAH         LINE#         1082
  C:1FD2H         LINE#         1083
  C:1FD2H         LINE#         1084
  C:1FE7H         LINE#         1085
  C:1FE7H         LINE#         1086
  C:1FE7H         LINE#         1087
  C:1FE7H         LINE#         1089
  C:1FE7H         LINE#         1090
BL51 BANKED LINKER/LOCATER V6.22            10/22/2012  10:01:29  PAGE 38


  C:201FH         LINE#         1091
  C:201FH         LINE#         1092
  C:2029H         LINE#         1093
  C:202FH         LINE#         1094
  C:2033H         LINE#         1095
  C:2035H         LINE#         1096
  C:203CH         LINE#         1097
  C:2044H         LINE#         1098
  C:2044H         LINE#         1099
  C:2059H         LINE#         1100
  C:2059H         LINE#         1101
  C:2059H         LINE#         1102
  C:2059H         LINE#         1104
  C:2059H         LINE#         1105
  C:209AH         LINE#         1106
  C:209AH         LINE#         1107
  C:20A2H         LINE#         1108
  C:20BAH         LINE#         1109
  C:20BAH         LINE#         1110
  C:20D1H         LINE#         1111
  C:20E1H         LINE#         1112
  C:2113H         LINE#         1113
  C:2113H         LINE#         1114
  C:2122H         LINE#         1115
  C:212AH         LINE#         1116
  C:212AH         LINE#         1117
  C:216DH         LINE#         1118
  C:2187H         LINE#         1119
  C:2196H         LINE#         1120
  C:219FH         LINE#         1121
  C:219FH         LINE#         1122
  C:21E2H         LINE#         1123
  C:21FCH         LINE#         1125
  C:220DH         LINE#         1126
  C:220FH         LINE#         1128
  C:220FH         LINE#         1129
  C:2219H         LINE#         1130
  C:2223H         LINE#         1131
  C:2237H         LINE#         1132
  C:2237H         LINE#         1133
  C:223DH         LINE#         1134
  C:2241H         LINE#         1135
  C:2243H         LINE#         1136
  C:224AH         LINE#         1137
  C:2252H         LINE#         1138
  C:2252H         LINE#         1139
  C:2267H         LINE#         1140
  C:2267H         LINE#         1141
  C:2267H         LINE#         1142
  C:2267H         LINE#         1144
  C:2267H         LINE#         1145
  C:22A9H         LINE#         1146
  C:22A9H         LINE#         1147
  C:22B3H         LINE#         1148
  C:22BDH         LINE#         1149
  C:22C7H         LINE#         1150
  C:22CDH         LINE#         1151
  C:22D7H         LINE#         1152
  C:22F6H         LINE#         1153
  C:22FCH         LINE#         1154
  C:2303H         LINE#         1155
  C:2303H         LINE#         1156
  C:231BH         LINE#         1157
  C:2332H         LINE#         1158
  C:2349H         LINE#         1159
BL51 BANKED LINKER/LOCATER V6.22            10/22/2012  10:01:29  PAGE 39


  C:2360H         LINE#         1160
  C:2377H         LINE#         1161
  C:2384H         LINE#         1162
  C:239BH         LINE#         1163
  C:23B2H         LINE#         1164
  C:23C9H         LINE#         1165
  C:23D6H         LINE#         1166
  C:23DEH         LINE#         1167
  C:23F6H         LINE#         1168
  C:23F6H         LINE#         1169
  C:240DH         LINE#         1170
  C:241DH         LINE#         1171
  C:2425H         LINE#         1172
  C:242AH         LINE#         1173
  C:242EH         LINE#         1174
  C:2430H         LINE#         1175
  C:2437H         LINE#         1176
  C:243FH         LINE#         1177
  C:243FH         LINE#         1178
  C:2454H         LINE#         1179
  C:2454H         LINE#         1180
  C:2454H         LINE#         1181
  C:2454H         LINE#         1183
  C:2454H         LINE#         1184
  C:2497H         LINE#         1185
  C:2497H         LINE#         1186
  C:24A6H         LINE#         1187
  C:24AEH         LINE#         1188
  C:24AEH         LINE#         1189
  C:24F1H         LINE#         1190
  C:250BH         LINE#         1192
  C:2530H         LINE#         1193
  C:2530H         LINE#         1194
  C:2583H         LINE#         1195
  C:2583H         LINE#         1196
  C:2597H         LINE#         1197
  C:25ABH         LINE#         1198
  C:25B5H         LINE#         1199
  C:25BBH         LINE#         1201
  C:25DAH         LINE#         1202
  C:25E0H         LINE#         1203
  C:25E7H         LINE#         1204
  C:25E7H         LINE#         1205
  C:25FFH         LINE#         1206
  C:2616H         LINE#         1207
  C:262DH         LINE#         1208
  C:2644H         LINE#         1209
  C:265BH         LINE#         1210
  C:2668H         LINE#         1211
  C:267FH         LINE#         1212
  C:2696H         LINE#         1213
  C:26ADH         LINE#         1214
  C:26BAH         LINE#         1215
  C:26C2H         LINE#         1216
  C:26DAH         LINE#         1217
  C:26DAH         LINE#         1218
  C:26F1H         LINE#         1219
  C:2701H         LINE#         1220
  C:2709H         LINE#         1221
  C:270FH         LINE#         1222
  C:2711H         LINE#         1223
  C:2718H         LINE#         1224
  C:2723H         LINE#         1225
  C:2723H         LINE#         1226
  C:2738H         LINE#         1227
BL51 BANKED LINKER/LOCATER V6.22            10/22/2012  10:01:29  PAGE 40


  C:2738H         LINE#         1228
  C:273BH         LINE#         1229
  C:273BH         LINE#         1231
  C:273BH         LINE#         1233
  C:273BH         LINE#         1234
  C:274FH         LINE#         1235
  C:276FH         LINE#         1236
  C:2791H         LINE#         1237
  C:279BH         LINE#         1239
  C:27BAH         LINE#         1240
  C:27D8H         LINE#         1241
  C:27D8H         LINE#         1242
  C:27ECH         LINE#         1243
  C:27F6H         LINE#         1244
  C:2808H         LINE#         1245
  C:280EH         LINE#         1246
  C:282DH         LINE#         1247
  C:2833H         LINE#         1248
  C:283AH         LINE#         1249
  C:283AH         LINE#         1250
  C:2852H         LINE#         1251
  C:2869H         LINE#         1252
  C:2880H         LINE#         1253
  C:2897H         LINE#         1254
  C:28AEH         LINE#         1255
  C:28BBH         LINE#         1256
  C:28D2H         LINE#         1257
  C:28E9H         LINE#         1258
  C:2900H         LINE#         1259
  C:290DH         LINE#         1260
  C:2915H         LINE#         1261
  C:292DH         LINE#         1262
  C:292DH         LINE#         1263
  C:2944H         LINE#         1264
  C:2954H         LINE#         1265
  C:295CH         LINE#         1266
  C:2962H         LINE#         1267
  C:2964H         LINE#         1268
  C:296BH         LINE#         1269
  C:2976H         LINE#         1270
  C:2976H         LINE#         1271
  C:298BH         LINE#         1272
  C:298BH         LINE#         1273
  C:298EH         LINE#         1274
  C:298EH         LINE#         1276
  C:298EH         LINE#         1278
  C:298EH         LINE#         1279
  C:2994H         LINE#         1280
  C:2998H         LINE#         1281
  C:299AH         LINE#         1282
  C:29A1H         LINE#         1283
  C:29ACH         LINE#         1284
  C:29ACH         LINE#         1285
  C:29C1H         LINE#         1286
  C:29C1H         LINE#         1287
  C:29C4H         LINE#         1288
  C:29C4H         LINE#         1290
  C:29C4H         LINE#         1291
  C:29C4H         LINE#         1292
  C:29C4H         LINE#         1294
  C:29C4H         LINE#         1295
  C:29CCH         LINE#         1296
  C:29E4H         LINE#         1297
  C:29E4H         LINE#         1298
  C:29FBH         LINE#         1299
BL51 BANKED LINKER/LOCATER V6.22            10/22/2012  10:01:29  PAGE 41


  C:2A0BH         LINE#         1300
  C:2A17H         LINE#         1301
  C:2A17H         LINE#         1302
  C:2A28H         LINE#         1303
  C:2A37H         LINE#         1304
  C:2A6DH         LINE#         1305
  C:2AA3H         LINE#         1306
  C:2AD2H         LINE#         1307
  C:2AD4H         LINE#         1309
  C:2AD4H         LINE#         1310
  C:2AE5H         LINE#         1311
  C:2B05H         LINE#         1312
  C:2B05H         LINE#         1313
  C:2B0BH         LINE#         1314
  C:2B0FH         LINE#         1315
  C:2B11H         LINE#         1316
  C:2B18H         LINE#         1317
  C:2B20H         LINE#         1318
  C:2B20H         LINE#         1319
  C:2B35H         LINE#         1320
  C:2B35H         LINE#         1321
  C:2B35H         LINE#         1322
  C:2B35H         LINE#         1324
  C:2B35H         LINE#         1325
  C:2B35H         LINE#         1327
  C:2B45H         LINE#         1328
  C:2B45H         LINE#         1329
  C:2B5BH         LINE#         1330
  C:2B5DH         LINE#         1331
  C:2B5DH         LINE#         1332
  C:2B90H         LINE#         1333
  C:2B90H         LINE#         1334
  C:2C00H         LINE#         1335
  C:2C00H         LINE#         1336
  C:2C06H         LINE#         1338
  C:2C06H         LINE#         1339
  C:2C27H         LINE#         1340
  C:2C49H         LINE#         1341
  C:2C49H         LINE#         1342
  C:2C5DH         LINE#         1343
  C:2C67H         LINE#         1344
  C:2C71H         LINE#         1345
  C:2C71H         LINE#         1346
  C:2C71H         LINE#         1347
  C:2CAFH         LINE#         1348
  C:2CB6H         LINE#         1349
  C:2CB6H         LINE#         1350
  C:2CCFH         LINE#         1351
  C:2CE8H         LINE#         1352
  C:2CFBH         LINE#         1353
  C:2D18H         LINE#         1354
  C:2D1EH         LINE#         1355
  C:2D20H         LINE#         1356
  C:2D27H         LINE#         1357
  C:2D32H         LINE#         1358
  C:2D32H         LINE#         1359
  C:2D47H         LINE#         1360
  C:2D47H         LINE#         1361
  C:2D48H         LINE#         1362
  C:2D48H         LINE#         1363
  C:2D48H         LINE#         1364
  C:2D48H         LINE#         1366
  C:2D48H         LINE#         1367
  C:2D5FH         LINE#         1368
  C:2D76H         LINE#         1369
BL51 BANKED LINKER/LOCATER V6.22            10/22/2012  10:01:29  PAGE 42


  C:2D8DH         LINE#         1370
  C:2D9AH         LINE#         1371
  C:2DB1H         LINE#         1372
  C:2DC8H         LINE#         1373
  C:2DDFH         LINE#         1374
  C:2DECH         LINE#         1375
  C:2DF4H         LINE#         1376
  C:2E0CH         LINE#         1377
  C:2E0CH         LINE#         1378
  C:2E23H         LINE#         1379
  C:2E33H         LINE#         1380
  C:2E3BH         LINE#         1381
  C:2E44H         LINE#         1382
  C:2E4AH         LINE#         1383
  C:2E4CH         LINE#         1384
  C:2E53H         LINE#         1385
  C:2E5BH         LINE#         1386
  C:2E5BH         LINE#         1387
  C:2E70H         LINE#         1388
  C:2E70H         LINE#         1389
  C:2E71H         LINE#         1390
  C:2E71H         LINE#         1391
  C:2E71H         LINE#         1392
  C:2E71H         LINE#         1393
  C:2E71H         LINE#         1394
  C:2E91H         LINE#         1395
  C:2E91H         LINE#         1396
  C:2E97H         LINE#         1397
  C:2E99H         LINE#         1398
  C:2E99H         LINE#         1400
  C:2E9AH         LINE#         1401
  -------         ENDPROC       _WRITEINKZA
  -------         ENDMOD        MMCFLASH6

  -------         MODULE        ?C?FPADD
  C:3D8DH         PUBLIC        ?C?FPADD
  C:3D89H         PUBLIC        ?C?FPSUB
  -------         ENDMOD        ?C?FPADD

  -------         MODULE        ?C?FPMUL
  C:3E7EH         PUBLIC        ?C?FPMUL
  -------         ENDMOD        ?C?FPMUL

  -------         MODULE        ?C?FPDIV
  C:3F87H         PUBLIC        ?C?FPDIV
  -------         ENDMOD        ?C?FPDIV

  -------         MODULE        ?C?FPCMP
  C:4026H         PUBLIC        ?C?FPCMP
  C:4024H         PUBLIC        ?C?FPCMP3
  -------         ENDMOD        ?C?FPCMP

  -------         MODULE        ?C?FPNEG
  C:4091H         PUBLIC        ?C?FPNEG
  -------         ENDMOD        ?C?FPNEG

  -------         MODULE        ?C?FCAST
  C:40ACH         PUBLIC        ?C?FCASTC
  C:40A7H         PUBLIC        ?C?FCASTI
  C:40A2H         PUBLIC        ?C?FCASTL
  -------         ENDMOD        ?C?FCAST

  -------         MODULE        ?C?CASTF
  C:40E0H         PUBLIC        ?C?CASTF
  -------         ENDMOD        ?C?CASTF
BL51 BANKED LINKER/LOCATER V6.22            10/22/2012  10:01:29  PAGE 43



  -------         MODULE        FABS
  C:0026H         PUBLIC        _FABS
  -------         ENDMOD        FABS

  -------         MODULE        SQRT
  C:50AEH         PUBLIC        _SQRT
  -------         ENDMOD        SQRT

  -------         MODULE        ATAN2
  D:0012H         PUBLIC        ?_atan2?BYTE
  C:5438H         PUBLIC        _atan2
  -------         ENDMOD        ATAN2

  -------         MODULE        SIN
  C:4A2AH         PUBLIC        _COS
  C:4A40H         PUBLIC        _SIN
  C:4A72H         PUBLIC        _TAN
  -------         ENDMOD        SIN

  -------         MODULE        ATAN
  C:4DDDH         PUBLIC        _ATAN
  -------         ENDMOD        ATAN

  -------         MODULE        POW
  D:0008H         PUBLIC        ?_pow?BYTE
  C:4EE5H         PUBLIC        _pow
  -------         ENDMOD        POW

  -------         MODULE        ?C?CHKFLOAT
  C:4161H         PUBLIC        ?C?CHKFLOAT
  -------         ENDMOD        ?C?CHKFLOAT

  -------         MODULE        EXP
  C:52CFH         PUBLIC        _EXP
  -------         ENDMOD        EXP

  -------         MODULE        LOG
  C:4CBCH         PUBLIC        _LOG
  C:4CB8H         PUBLIC        _LOG10
  -------         ENDMOD        LOG

  -------         MODULE        ?C?CLDPTR
  C:41C8H         PUBLIC        ?C?CLDPTR
  -------         ENDMOD        ?C?CLDPTR

  -------         MODULE        ?C?CLDOPTR
  C:41E1H         PUBLIC        ?C?CLDOPTR
  -------         ENDMOD        ?C?CLDOPTR

  -------         MODULE        ?C?CSTPTR
  C:420EH         PUBLIC        ?C?CSTPTR
  -------         ENDMOD        ?C?CSTPTR

  -------         MODULE        ?C?IMUL
  C:4220H         PUBLIC        ?C?IMUL
  -------         ENDMOD        ?C?IMUL

  -------         MODULE        ?C?SIDIV
  C:4232H         PUBLIC        ?C?SIDIV
  -------         ENDMOD        ?C?SIDIV

  -------         MODULE        ?C?IILDX
  C:4268H         PUBLIC        ?C?IILDX
  -------         ENDMOD        ?C?IILDX
BL51 BANKED LINKER/LOCATER V6.22            10/22/2012  10:01:29  PAGE 44



  -------         MODULE        ?C?ILDIX
  C:427EH         PUBLIC        ?C?ILDIX
  -------         ENDMOD        ?C?ILDIX

  -------         MODULE        ?C?LMUL
  C:4294H         PUBLIC        ?C?LMUL
  -------         ENDMOD        ?C?LMUL

  -------         MODULE        ?C?LNEG
  C:42E3H         PUBLIC        ?C?LNEG
  -------         ENDMOD        ?C?LNEG

  -------         MODULE        ?C?SLCMP
  C:42F1H         PUBLIC        ?C?SLCMP
  -------         ENDMOD        ?C?SLCMP

  -------         MODULE        ?C?ULCMP
  C:4307H         PUBLIC        ?C?ULCMP
  -------         ENDMOD        ?C?ULCMP

  -------         MODULE        ?C?ULSHR
  C:4318H         PUBLIC        ?C?ULSHR
  -------         ENDMOD        ?C?ULSHR

  -------         MODULE        ?C?SLSHR
  C:432BH         PUBLIC        ?C?SLSHR
  -------         ENDMOD        ?C?SLSHR

  -------         MODULE        ?C?LSHL
  C:433FH         PUBLIC        ?C?LSHL
  -------         ENDMOD        ?C?LSHL

  -------         MODULE        ?C?LLDCODE
  C:4352H         PUBLIC        ?C?LLDCODE
  -------         ENDMOD        ?C?LLDCODE

  -------         MODULE        ?C?LLDCODE0
  C:4362H         PUBLIC        ?C?LLDCODE0
  -------         ENDMOD        ?C?LLDCODE0

  -------         MODULE        ?C?LSTXDATA
  C:4372H         PUBLIC        ?C?LSTXDATA
  -------         ENDMOD        ?C?LSTXDATA

  -------         MODULE        ?C?LSTKXDATA
  C:437EH         PUBLIC        ?C?LSTKXDATA
  -------         ENDMOD        ?C?LSTKXDATA

  -------         MODULE        ATOI
  C:4FFCH         PUBLIC        _atoi
  -------         ENDMOD        ATOI

  -------         MODULE        ?C?UIDIV
  C:43AFH         PUBLIC        ?C?UIDIV
  -------         ENDMOD        ?C?UIDIV

  -------         MODULE        ISDIGIT
  C:56E8H         PUBLIC        _isdigit
  -------         ENDMOD        ISDIGIT

  -------         MODULE        ISSPACE
  C:000EH         PUBLIC        _isspace
  -------         ENDMOD        ISSPACE

BL51 BANKED LINKER/LOCATER V6.22            10/22/2012  10:01:29  PAGE 45


*** WARNING L16: UNCALLED SEGMENT, IGNORED FOR OVERLAY PROCESS
    SEGMENT: ?PR?_DECODELATORLON?BPU1

*** WARNING L16: UNCALLED SEGMENT, IGNORED FOR OVERLAY PROCESS
    SEGMENT: ?PR?OUTMODEM20?INTERFACE

*** WARNING L16: UNCALLED SEGMENT, IGNORED FOR OVERLAY PROCESS
    SEGMENT: ?PR?OUTMODEM21?INTERFACE

*** WARNING L16: UNCALLED SEGMENT, IGNORED FOR OVERLAY PROCESS
    SEGMENT: ?PR?_READ?SERVO

*** WARNING L16: UNCALLED SEGMENT, IGNORED FOR OVERLAY PROCESS
    SEGMENT: ?PR?SQRT?SQRT

*** WARNING L16: UNCALLED SEGMENT, IGNORED FOR OVERLAY PROCESS
    SEGMENT: ?PR?_ATAN2?ATAN2

*** WARNING L16: UNCALLED SEGMENT, IGNORED FOR OVERLAY PROCESS
    SEGMENT: ?PR?SIN?SIN

*** WARNING L16: UNCALLED SEGMENT, IGNORED FOR OVERLAY PROCESS
    SEGMENT: ?PR?_POW?POW

*** WARNING L16: UNCALLED SEGMENT, IGNORED FOR OVERLAY PROCESS
    SEGMENT: ?PR?_ATOI?ATOI

Program Size: data=105.6 xdata=1752 code=22261
LINK/LOCATE RUN COMPLETE.  9 WARNING(S),  0 ERROR(S)
